Component: ARM Compiler 5.06 update 7 (build 960) Tool: armlink [4d3601]

==============================================================================

Section Cross References

    startup_lpc17xx.o(STACK) refers (Special) to heapauxi.o(.text) for __use_two_region_memory
    startup_lpc17xx.o(HEAP) refers (Special) to heapauxi.o(.text) for __use_two_region_memory
    startup_lpc17xx.o(RESET) refers (Special) to heapauxi.o(.text) for __use_two_region_memory
    startup_lpc17xx.o(RESET) refers to startup_lpc17xx.o(STACK) for __initial_sp
    startup_lpc17xx.o(RESET) refers to startup_lpc17xx.o(.text) for Reset_Handler
    startup_lpc17xx.o(.ARM.__at_0x02FC) refers (Special) to heapauxi.o(.text) for __use_two_region_memory
    startup_lpc17xx.o(my_data) refers (Special) to heapauxi.o(.text) for __use_two_region_memory
    startup_lpc17xx.o(.text) refers (Special) to heapauxi.o(.text) for __use_two_region_memory
    startup_lpc17xx.o(.text) refers to main.o(.text) for main
    startup_lpc17xx.o(.text) refers to startup_lpc17xx.o(HEAP) for Heap_Mem
    startup_lpc17xx.o(.text) refers to startup_lpc17xx.o(STACK) for Stack_Mem
    main.o(.text) refers to _printf_percent.o(.ARM.Collect$$_printf_percent$$00000000) for _printf_percent
    main.o(.text) refers to _printf_f.o(.ARM.Collect$$_printf_percent$$00000003) for _printf_f
    main.o(.text) refers to printf1.o(x$fpl$printf1) for _printf_fp_dec
    main.o(.text) refers to ffix.o(x$fpl$ffix) for __aeabi_f2iz
    main.o(.text) refers to asm_funct.o(mycode) for check_square
    main.o(.text) refers to fflt_clz.o(x$fpl$fflt) for __aeabi_i2f
    main.o(.text) refers to faddsub_clz.o(x$fpl$fadd) for __aeabi_fadd
    main.o(.text) refers to fmul.o(x$fpl$fmul) for __aeabi_fmul
    main.o(.text) refers to f2d.o(x$fpl$f2d) for __aeabi_f2d
    main.o(.text) refers to noretval__2printf.o(.text) for __2printf
    main.o(.text) refers to startup_lpc17xx.o(my_data) for _Matrix_Coordinates
    asm_funct.o(mycode) refers to fdiv.o(x$fpl$fdiv) for __aeabi_fdiv
    retarget_io.o(.text) refers to strcmpv7m.o(.text) for strcmp
    retarget_io.o(.text) refers to retarget_io.o(.data) for ITM_RxBuffer
    __2printf.o(.text) refers to _printf_char_file.o(.text) for _printf_char_file
    __2printf.o(.text) refers to stdio_streams.o(.bss) for __stdout
    noretval__2printf.o(.text) refers to _printf_char_file.o(.text) for _printf_char_file
    noretval__2printf.o(.text) refers to stdio_streams.o(.bss) for __stdout
    __printf.o(.text) refers to _printf_percent.o(.ARM.Collect$$_printf_percent$$00000000) for _printf_percent
    __printf_flags.o(.text) refers to _printf_percent.o(.ARM.Collect$$_printf_percent$$00000000) for _printf_percent
    __printf_flags.o(.text) refers to __printf_flags.o(.constdata) for .constdata
    __printf_ss.o(.text) refers to _printf_percent.o(.ARM.Collect$$_printf_percent$$00000000) for _printf_percent
    __printf_flags_ss.o(.text) refers to _printf_percent.o(.ARM.Collect$$_printf_percent$$00000000) for _printf_percent
    __printf_flags_ss.o(.text) refers to __printf_flags_ss.o(.constdata) for .constdata
    __printf_wp.o(.text) refers to __printf_wp.o(i._is_digit) for _is_digit
    __printf_wp.o(.text) refers to _printf_percent.o(.ARM.Collect$$_printf_percent$$00000000) for _printf_percent
    __printf_flags_wp.o(.text) refers to __printf_wp.o(i._is_digit) for _is_digit
    __printf_flags_wp.o(.text) refers to _printf_percent.o(.ARM.Collect$$_printf_percent$$00000000) for _printf_percent
    __printf_flags_wp.o(.text) refers to __printf_flags_wp.o(.constdata) for .constdata
    __printf_ss_wp.o(.text) refers to __printf_wp.o(i._is_digit) for _is_digit
    __printf_ss_wp.o(.text) refers to _printf_percent.o(.ARM.Collect$$_printf_percent$$00000000) for _printf_percent
    __printf_flags_ss_wp.o(.text) refers to __printf_wp.o(i._is_digit) for _is_digit
    __printf_flags_ss_wp.o(.text) refers to _printf_percent.o(.ARM.Collect$$_printf_percent$$00000000) for _printf_percent
    __printf_flags_ss_wp.o(.text) refers to __printf_flags_ss_wp.o(.constdata) for .constdata
    _printf_f.o(.ARM.Collect$$_printf_percent$$00000003) refers (Weak) to printf1.o(x$fpl$printf1) for _printf_fp_dec
    _printf_percent.o(.ARM.Collect$$_printf_percent$$00000000) refers (Special) to _printf_percent_end.o(.ARM.Collect$$_printf_percent$$00000017) for _printf_percent_end
    __main.o(!!!main) refers to __rtentry.o(.ARM.Collect$$rtentry$$00000000) for __rt_entry
    f2d.o(x$fpl$f2d) refers (Special) to usenofp.o(x$fpl$usenofp) for __I$use$fp
    f2d.o(x$fpl$f2d) refers to fnaninf.o(x$fpl$fnaninf) for __fpl_fnaninf
    f2d.o(x$fpl$f2d) refers to dretinf.o(x$fpl$dretinf) for __fpl_dretinf
    faddsub_clz.o(x$fpl$fadd) refers (Special) to usenofp.o(x$fpl$usenofp) for __I$use$fp
    faddsub_clz.o(x$fpl$fadd) refers to faddsub_clz.o(x$fpl$fsub) for _fsub1
    faddsub_clz.o(x$fpl$fadd) refers to fretinf.o(x$fpl$fretinf) for __fpl_fretinf
[...]
    rtexit.o(.ARM.Collect$$rtexit$$00000000) refers (Special) to rtexit2.o(.ARM.Collect$$rtexit$$00000004) for __rt_exit_exit
    rtexit.o(.ARM.Collect$$rtexit$$00000000) refers (Special) to rtexit2.o(.ARM.Collect$$rtexit$$00000003) for __rt_exit_ls
    rtexit.o(.ARM.Collect$$rtexit$$00000000) refers (Special) to rtexit2.o(.ARM.Collect$$rtexit$$00000002) for __rt_exit_prels_1
    rtexit.o(.ARM.exidx) refers (Special) to rtexit2.o(.ARM.Collect$$rtexit$$00000004) for __rt_exit_exit
    rtexit.o(.ARM.exidx) refers (Special) to rtexit2.o(.ARM.Collect$$rtexit$$00000003) for __rt_exit_ls
    rtexit.o(.ARM.exidx) refers (Special) to rtexit2.o(.ARM.Collect$$rtexit$$00000002) for __rt_exit_prels_1
    rtexit.o(.ARM.exidx) refers to rtexit.o(.ARM.Collect$$rtexit$$00000000) for .ARM.Collect$$rtexit$$00000000
    rt_raise.o(.text) refers to __raise.o(.text) for __raise
    rt_raise.o(.text) refers to sys_exit.o(.text) for _sys_exit
    rt_heap_descriptor.o(.text) refers to rt_heap_descriptor.o(.bss) for __rt_heap_descriptor_data
    rt_heap_descriptor_intlibspace.o(.text) refers to libspace.o(.bss) for __libspace_start
    init_alloc.o(.text) refers (Special) to hguard.o(.text) for __heap$guard
    init_alloc.o(.text) refers (Special) to libinit2.o(.ARM.Collect$$libinit$$00000005) for __rt_lib_init_heap_2
    init_alloc.o(.text) refers (Special) to maybetermalloc1.o(.emb_text) for _maybe_terminate_alloc
    init_alloc.o(.text) refers to h1_extend.o(.text) for __Heap_ProvideMemory
    init_alloc.o(.text) refers to defsig_rtmem_outer.o(.text) for __rt_SIGRTMEM
    init_alloc.o(.text) refers to rt_heap_descriptor_intlibspace.o(.text) for __rt_heap_descriptor
    init_alloc.o(.text) refers to h1_init.o(.text) for __Heap_Initialize
    malloc.o(.text) refers (Special) to hguard.o(.text) for __heap$guard
    malloc.o(.text) refers (Special) to init_alloc.o(.text) for _init_alloc
    malloc.o(.text) refers to rt_heap_descriptor_intlibspace.o(.text) for __rt_heap_descriptor
    malloc.o(.text) refers to heapstubs.o(.text) for __Heap_Alloc
    h1_alloc.o(.text) refers (Special) to h1_init.o(.text) for __Heap_Initialize
    h1_alloc.o(.text) refers to rt_heap_descriptor_intlibspace.o(.text) for __rt_heap_descriptor
    h1_alloc.o(.text) refers to init_alloc.o(.text) for __Heap_Full
    h1_alloc_mt.o(.text) refers (Special) to h1_init.o(.text) for __Heap_Initialize
    h1_alloc_mt.o(.text) refers to init_alloc.o(.text) for __Heap_Full
    h1_alloc_mt.o(.text) refers to rt_heap_descriptor_intlibspace.o(.text) for __rt_heap_descriptor
    _printf_char_file_locked.o(.text) refers to _printf_char_common.o(.text) for _printf_char_common
    _printf_char_file_locked.o(.text) refers to fputc.o(i._fputc$unlocked) for _fputc$unlocked
    fseek.o(.text) refers to retarget_io.o(.text) for _sys_istty
    fseek.o(.text) refers to ftell.o(.text) for _ftell_internal
    fseek.o(.text) refers to stdio.o(.text) for _seterr
    stdio.o(.text) refers to retarget_io.o(.text) for _sys_seek
    fwritefast.o(.text) refers to stdio.o(.text) for _writebuf
    fwritefast.o(.text) refers to flsbuf.o(.text) for __flsbuf_byte
    fwritefast.o(.text) refers to rt_memcpy_v6.o(.text) for __aeabi_memcpy
    fwritefast_locked.o(.text) refers to stdio.o(.text) for _writebuf
    fwritefast_locked.o(.text) refers to flsbuf.o(.text) for __flsbuf_byte
    fwritefast_locked.o(.text) refers to rt_memcpy_v6.o(.text) for __aeabi_memcpy
    defsig_exit.o(.text) refers to sys_exit.o(.text) for _sys_exit
    defsig_rtred_inner.o(.text) refers to defsig_general.o(.text) for __default_signal_display
    assert_stdio.o(.text) refers to fputs.o(.text) for fputs
    assert_stdio.o(.text) refers to fflush.o(.text) for fflush
    assert_stdio.o(.text) refers to stdio_streams.o(.bss) for __stderr
    argv_veneer.o(.emb_text) refers to no_argv.o(.text) for __ARM_get_argv
    sys_exit.o(.text) refers (Special) to use_no_semi.o(.text) for __I$use$semihosting
    sys_exit.o(.text) refers (Special) to indicate_semi.o(.text) for __semihosting_library_function
    rtexit2.o(.ARM.Collect$$rtexit$$00000003) refers to libshutdown.o(.ARM.Collect$$libshutdown$$00000000) for __rt_lib_shutdown
    rtexit2.o(.ARM.Collect$$rtexit$$00000004) refers to sys_exit.o(.text) for _sys_exit
    rtexit2.o(.ARM.exidx) refers to rtexit2.o(.ARM.Collect$$rtexit$$00000001) for .ARM.Collect$$rtexit$$00000001
    rtexit2.o(.ARM.exidx) refers to rtexit2.o(.ARM.Collect$$rtexit$$00000003) for .ARM.Collect$$rtexit$$00000003
    rtexit2.o(.ARM.exidx) refers to rtexit2.o(.ARM.Collect$$rtexit$$00000004) for .ARM.Collect$$rtexit$$00000004
    maybetermalloc2.o(.emb_text) refers (Special) to term_alloc.o(.text) for _terminate_alloc
    h1_extend.o(.text) refers to h1_free.o(.text) for free
    h1_init_mt.o(.text) refers to mutex_dummy.o(.text) for _mutex_initialize
    h1_extend_mt.o(.text) refers to h1_free_mt.o(.text) for _free_internal
    fflush.o(.text) refers to stdio.o(.text) for _fflush
    fflush.o(.text) refers to fseek.o(.text) for _fseek
    fflush.o(.text) refers to stdio_streams.o(.bss) for __stdin
    fputs.o(.text) refers to fputc.o(i.fputc) for fputc
    ftell.o(.text) refers to rt_errno_addr_intlibspace.o(.text) for __aeabi_errno_addr
    fflush_locked.o(.text) refers to stdio.o(.text) for _fflush
    fflush_locked.o(.text) refers to fseek.o(.text) for _fseek
    fflush_locked.o(.text) refers to fflush.o(.text) for _do_fflush
    fflush_locked.o(.text) refers to streamlock.o(.data) for _stream_list_lock
    fflush_locked.o(.text) refers to stdio_streams.o(.bss) for __stdin
    __raise.o(.text) refers to defsig.o(CL$$defsig) for __default_signal_handler
    defsig_general.o(.text) refers to retarget_io.o(.text) for _ttywrch
    defsig_rtmem_outer.o(.text) refers to defsig_rtmem_inner.o(.text) for __rt_SIGRTMEM_inner
    defsig_rtmem_outer.o(.text) refers to defsig_exit.o(.text) for __sig_exit
    defsig_rtmem_formal.o(.text) refers to rt_raise.o(.text) for __rt_raise
    rt_memcpy_v6.o(.text) refers to rt_memcpy_w.o(.text) for __aeabi_memcpy4
    heapauxa.o(.text) refers to heapauxa.o(.data) for .data
    _get_argv.o(.text) refers (Special) to hrguard.o(.text) for __heap_region$guard
    _get_argv.o(.text) refers to h1_alloc.o(.text) for malloc
    _get_argv.o(.text) refers to defsig_rtmem_outer.o(.text) for __rt_SIGRTMEM
    _get_argv.o(.text) refers to sys_command.o(.text) for _sys_command_string
    _get_argv_nomalloc.o(.text) refers (Special) to hrguard.o(.text) for __heap_region$guard
    _get_argv_nomalloc.o(.text) refers to defsig_rtmem_outer.o(.text) for __rt_SIGRTMEM
    _get_argv_nomalloc.o(.text) refers to sys_command.o(.text) for _sys_command_string
    sys_command.o(.text) refers (Special) to use_no_semi.o(.text) for __I$use$semihosting
    sys_command.o(.text) refers (Special) to indicate_semi.o(.text) for __semihosting_library_function
    rt_errno_addr.o(.text) refers to rt_errno_addr.o(.bss) for __aeabi_errno_addr_data
    rt_errno_addr_intlibspace.o(.text) refers to libspace.o(.bss) for __libspace_start
    term_alloc.o(.text) refers (Special) to libshutdown2.o(.ARM.Collect$$libshutdown$$00000010) for __rt_lib_shutdown_heap_2
    term_alloc.o(.text) refers to rt_heap_descriptor_intlibspace.o(.text) for __rt_heap_descriptor
    term_alloc.o(.text) refers to h1_final.o(.text) for __Heap_Finalize
    defsig_rtmem_inner.o(.text) refers to defsig_general.o(.text) for __default_signal_display
    defsig.o(CL$$defsig) refers to defsig_rtred_inner.o(.text) for __rt_SIGRTRED_inner
    defsig.o(CL$$defsig) refers to defsig_rtmem_inner.o(.text) for __rt_SIGRTMEM_inner
    libshutdown.o(.ARM.Collect$$libshutdown$$00000000) refers (Special) to libshutdown2.o(.ARM.Collect$$libshutdown$$00000004) for __rt_lib_shutdown_cpp_1
    libshutdown.o(.ARM.Collect$$libshutdown$$00000000) refers (Special) to libshutdown2.o(.ARM.Collect$$libshutdown$$00000002) for __rt_lib_shutdown_fini_1
    libshutdown.o(.ARM.Collect$$libshutdown$$00000000) refers (Special) to libshutdown2.o(.ARM.Collect$$libshutdown$$00000009) for __rt_lib_shutdown_fp_trap_1
    libshutdown.o(.ARM.Collect$$libshutdown$$00000000) refers (Special) to libshutdown2.o(.ARM.Collect$$libshutdown$$00000011) for __rt_lib_shutdown_heap_1
    libshutdown.o(.ARM.Collect$$libshutdown$$00000000) refers (Special) to libshutdown2.o(.ARM.Collect$$libshutdown$$00000012) for __rt_lib_shutdown_return
    libshutdown.o(.ARM.Collect$$libshutdown$$00000000) refers (Special) to libshutdown2.o(.ARM.Collect$$libshutdown$$0000000C) for __rt_lib_shutdown_signal_1
    libshutdown.o(.ARM.Collect$$libshutdown$$00000000) refers (Special) to libshutdown2.o(.ARM.Collect$$libshutdown$$00000006) for __rt_lib_shutdown_stdio_1
    libshutdown.o(.ARM.Collect$$libshutdown$$00000000) refers (Special) to libshutdown2.o(.ARM.Collect$$libshutdown$$0000000E) for __rt_lib_shutdown_user_alloc_1
    defsig_abrt_inner.o(.text) refers to defsig_general.o(.text) for __default_signal_display
    defsig_fpe_inner.o(.text) refers to defsig_general.o(.text) for __default_signal_display
    defsig_stak_inner.o(.text) refers to defsig_general.o(.text) for __default_signal_display
    defsig_pvfn_inner.o(.text) refers to defsig_general.o(.text) for __default_signal_display
    defsig_cppl_inner.o(.text) refers to defsig_general.o(.text) for __default_signal_display
    defsig_segv_inner.o(.text) refers to defsig_general.o(.text) for __default_signal_display
    defsig_other.o(.text) refers to defsig_general.o(.text) for __default_signal_display


==============================================================================

Image Symbol Table

    Local Symbols

    Symbol Name                              Value     Ov Type        Size  Object(Section)

    RESET                                    0x00000000   Section      204  startup_lpc17xx.o(RESET)
    ../clib/angel/boardlib.s                 0x00000000   Number         0  boardinit3.o ABSOLUTE
    ../clib/angel/boardlib.s                 0x00000000   Number         0  boardinit2.o ABSOLUTE
    ../clib/angel/boardlib.s                 0x00000000   Number         0  boardinit1.o ABSOLUTE
    ../clib/angel/boardlib.s                 0x00000000   Number         0  boardshut.o ABSOLUTE
    ../clib/angel/handlers.s                 0x00000000   Number         0  __scatter_copy.o ABSOLUTE
    ../clib/angel/handlers.s                 0x00000000   Number         0  __scatter_zi.o ABSOLUTE
    ../clib/angel/kernel.s                   0x00000000   Number         0  __rtentry4.o ABSOLUTE
    ../clib/angel/kernel.s                   0x00000000   Number         0  __rtentry2.o ABSOLUTE
    ../clib/angel/kernel.s                   0x00000000   Number         0  __rtentry.o ABSOLUTE
    ../clib/angel/kernel.s                   0x00000000   Number         0  rtexit.o ABSOLUTE
    ../clib/angel/kernel.s                   0x00000000   Number         0  rtexit2.o ABSOLUTE
    ../clib/angel/rt.s                       0x00000000   Number         0  rt_errno_addr.o ABSOLUTE
    ../clib/angel/rt.s                       0x00000000   Number         0  rt_errno_addr_intlibspace.o ABSOLUTE
    ../clib/angel/rt.s                       0x00000000   Number         0  rt_heap_descriptor_intlibspace.o ABSOLUTE
    ../clib/angel/rt.s                       0x00000000   Number         0  rt_locale_intlibspace.o ABSOLUTE
    ../clib/angel/rt.s                       0x00000000   Number         0  rt_locale.o ABSOLUTE
    ../clib/angel/rt.s                       0x00000000   Number         0  rt_raise.o ABSOLUTE
    ../clib/angel/rt.s                       0x00000000   Number         0  rt_heap_descriptor.o ABSOLUTE
    ../clib/angel/scatter.s                  0x00000000   Number         0  __scatter.o ABSOLUTE
    ../clib/angel/startup.s                  0x00000000   Number         0  __main.o ABSOLUTE
    ../clib/angel/sys.s                      0x00000000   Number         0  indicate_semi.o ABSOLUTE
    ../clib/angel/sys.s                      0x00000000   Number         0  use_no_semi.o ABSOLUTE
    ../clib/angel/sys.s                      0x00000000   Number         0  libspace.o ABSOLUTE
    ../clib/angel/sys.s                      0x00000000   Number         0  mutex_dummy.o ABSOLUTE
    ../clib/angel/sys.s                      0x00000000   Number         0  sys_stackheap_outer.o ABSOLUTE
    ../clib/angel/sysapp.c                   0x00000000   Number         0  sys_command.o ABSOLUTE
    ../clib/angel/sysapp.c                   0x00000000   Number         0  sys_exit.o ABSOLUTE
    ../clib/armsys.c                         0x00000000   Number         0  no_argv.o ABSOLUTE
    ../clib/armsys.c                         0x00000000   Number         0  _get_argv.o ABSOLUTE
    ../clib/armsys.c                         0x00000000   Number         0  _get_argv_nomalloc.o ABSOLUTE
    ../clib/armsys.c                         0x00000000   Number         0  argv_veneer.o ABSOLUTE
    ../clib/armsys.c                         0x00000000   Number         0  argv_veneer.o ABSOLUTE
    ../clib/assert.c                         0x00000000   Number         0  assert_stdio.o ABSOLUTE
    ../clib/bigflt.c                         0x00000000   Number         0  bigflt0.o ABSOLUTE
    ../clib/btod.s                           0x00000000   Number         0  btod.o ABSOLUTE
    ../clib/heap1.c                          0x00000000   Number         0  h1_init_mt.o ABSOLUTE
    ../clib/heap1.c                          0x00000000   Number         0  h1_extend.o ABSOLUTE
    ../clib/heap1.c                          0x00000000   Number         0  h1_alloc_mt.o ABSOLUTE
    ../clib/heap1.c                          0x00000000   Number         0  h1_init.o ABSOLUTE
    ../clib/heap1.c                          0x00000000   Number         0  h1_extend_mt.o ABSOLUTE
    ../clib/heap1.c                          0x00000000   Number         0  h1_free_mt.o ABSOLUTE
    ../clib/heap1.c                          0x00000000   Number         0  h1_free.o ABSOLUTE
    ../clib/heap1.c                          0x00000000   Number         0  h1_final_mt.o ABSOLUTE
    ../clib/heap1.c                          0x00000000   Number         0  h1_final.o ABSOLUTE
    ../clib/heap1.c                          0x00000000   Number         0  h1_alloc.o ABSOLUTE
    ../clib/heap2.c                          0x00000000   Number         0  heap2mt.o ABSOLUTE
    ../clib/heap2.c                          0x00000000   Number         0  fdtree.o ABSOLUTE
    ../clib/heap2.c                          0x00000000   Number         0  heap2.o ABSOLUTE
    ../clib/heapalloc.c                      0x00000000   Number         0  hguard.o ABSOLUTE
    ../clib/heapalloc.c                      0x00000000   Number         0  heapstubs.o ABSOLUTE
    ../clib/heapalloc.c                      0x00000000   Number         0  malloc.o ABSOLUTE
    ../clib/heapalloc.c                      0x00000000   Number         0  hrguard.o ABSOLUTE
    ../clib/heapalloc.c                      0x00000000   Number         0  maybetermalloc2.o ABSOLUTE
    ../clib/heapalloc.c                      0x00000000   Number         0  maybetermalloc2.o ABSOLUTE
    ../clib/heapalloc.c                      0x00000000   Number         0  maybetermalloc1.o ABSOLUTE
    ../clib/heapalloc.c                      0x00000000   Number         0  term_alloc.o ABSOLUTE
    ../clib/heapalloc.c                      0x00000000   Number         0  free.o ABSOLUTE
    ../clib/heapalloc.c                      0x00000000   Number         0  init_alloc.o ABSOLUTE
    ../clib/heapalloc.c                      0x00000000   Number         0  maybetermalloc1.o ABSOLUTE
    ../clib/heapaux.c                        0x00000000   Number         0  heapauxi.o ABSOLUTE
    ../clib/heapaux.c                        0x00000000   Number         0  heapauxa.o ABSOLUTE
    ../clib/libinit.s                        0x00000000   Number         0  libshutdown.o ABSOLUTE
    ../clib/libinit.s                        0x00000000   Number         0  libinit2.o ABSOLUTE
    ../clib/libinit.s                        0x00000000   Number         0  libinit.o ABSOLUTE
    ../clib/libinit.s                        0x00000000   Number         0  libshutdown2.o ABSOLUTE
    ../clib/locale.s                         0x00000000   Number         0  lc_numeric_c.o ABSOLUTE
    ../clib/longlong.s                       0x00000000   Number         0  lludiv10.o ABSOLUTE
    ../clib/memcpset.s                       0x00000000   Number         0  strcmpv7m.o ABSOLUTE
    ../clib/memcpset.s                       0x00000000   Number         0  rt_memclr_w.o ABSOLUTE
    ../clib/memcpset.s                       0x00000000   Number         0  rt_memcpy_v6.o ABSOLUTE
    ../clib/memcpset.s                       0x00000000   Number         0  rt_memcpy_w.o ABSOLUTE
    ../clib/misc.s                           0x00000000   Number         0  printf_stubs.o ABSOLUTE
    ../clib/printf.c                         0x00000000   Number         0  _printf_char_common.o ABSOLUTE
    ../clib/printf.c                         0x00000000   Number         0  _printf_fp_infnan.o ABSOLUTE
    ../clib/printf.c                         0x00000000   Number         0  __printf_nopercent.o ABSOLUTE
    ../clib/printf.c                         0x00000000   Number         0  _printf_fp_dec.o ABSOLUTE
    ../clib/printf.c                         0x00000000   Number         0  noretval__2printf.o ABSOLUTE
    ../clib/printf.c                         0x00000000   Number         0  __printf.o ABSOLUTE
    ../clib/printf.c                         0x00000000   Number         0  __printf_flags.o ABSOLUTE
    ../clib/printf.c                         0x00000000   Number         0  __printf_ss.o ABSOLUTE
    ../clib/printf.c                         0x00000000   Number         0  __printf_flags_ss.o ABSOLUTE
    ../clib/printf.c                         0x00000000   Number         0  __printf_wp.o ABSOLUTE
    ../clib/printf.c                         0x00000000   Number         0  __printf_flags_wp.o ABSOLUTE
    ../clib/printf.c                         0x00000000   Number         0  __printf_ss_wp.o ABSOLUTE
    ../clib/printf.c                         0x00000000   Number         0  __printf_flags_ss_wp.o ABSOLUTE
    ../clib/printf.c                         0x00000000   Number         0  _printf_char_file.o ABSOLUTE
    ../clib/printf.c                         0x00000000   Number         0  _printf_char_file_locked.o ABSOLUTE
    ../clib/printf.c                         0x00000000   Number         0  __2printf.o ABSOLUTE
    ../clib/printf_percent.s                 0x00000000   Number         0  _printf_percent_end.o ABSOLUTE
    ../clib/printf_percent.s                 0x00000000   Number         0  _printf_percent.o ABSOLUTE
    ../clib/printf_percent.s                 0x00000000   Number         0  _printf_f.o ABSOLUTE
    ../clib/signal.c                         0x00000000   Number         0  defsig_rtmem_outer.o ABSOLUTE
    ../clib/signal.c                         0x00000000   Number         0  defsig_rtmem_formal.o ABSOLUTE
    ../clib/signal.c                         0x00000000   Number         0  defsig_general.o ABSOLUTE
    ../clib/signal.c                         0x00000000   Number         0  defsig_other.o ABSOLUTE
    ../clib/signal.c                         0x00000000   Number         0  defsig_segv_inner.o ABSOLUTE
    ../clib/signal.c                         0x00000000   Number         0  defsig_cppl_inner.o ABSOLUTE
    ../clib/signal.c                         0x00000000   Number         0  defsig_pvfn_inner.o ABSOLUTE
    ../clib/signal.c                         0x00000000   Number         0  defsig_stak_inner.o ABSOLUTE
    ../clib/signal.c                         0x00000000   Number         0  defsig_fpe_inner.o ABSOLUTE
    ../clib/signal.c                         0x00000000   Number         0  defsig_exit.o ABSOLUTE
    ../clib/signal.c                         0x00000000   Number         0  __raise.o ABSOLUTE
    ../clib/signal.c                         0x00000000   Number         0  defsig_rtred_outer.o ABSOLUTE
    ../clib/signal.c                         0x00000000   Number         0  defsig_rtmem_inner.o ABSOLUTE
    ../clib/signal.c                         0x00000000   Number         0  defsig_rtred_formal.o ABSOLUTE
    ../clib/signal.c                         0x00000000   Number         0  defsig_abrt_inner.o ABSOLUTE
    ../clib/signal.c                         0x00000000   Number         0  defsig_rtred_inner.o ABSOLUTE
    ../clib/signal.s                         0x00000000   Number         0  defsig.o ABSOLUTE
    ../clib/stdio.c                          0x00000000   Number         0  initio_locked.o ABSOLUTE
    ../clib/stdio.c                          0x00000000   Number         0  flsbuf.o ABSOLUTE
    ../clib/stdio.c                          0x00000000   Number         0  fseek.o ABSOLUTE
    ../clib/stdio.c                          0x00000000   Number         0  fopen_locked.o ABSOLUTE
    ../clib/stdio.c                          0x00000000   Number         0  stdio.o ABSOLUTE
    ../clib/stdio.c                          0x00000000   Number         0  fwritefast.o ABSOLUTE
    ../clib/stdio.c                          0x00000000   Number         0  stdio_streams.o ABSOLUTE
    ../clib/stdio.c                          0x00000000   Number         0  setvbuf_locked.o ABSOLUTE
    ../clib/stdio.c                          0x00000000   Number         0  fclose.o ABSOLUTE
    ../clib/stdio.c                          0x00000000   Number         0  fopen.o ABSOLUTE
    ../clib/stdio.c                          0x00000000   Number         0  streamlock.o ABSOLUTE
    ../clib/stdio.c                          0x00000000   Number         0  fflush.o ABSOLUTE
    ../clib/stdio.c                          0x00000000   Number         0  fputs.o ABSOLUTE
    ../clib/stdio.c                          0x00000000   Number         0  ftell.o ABSOLUTE
    ../clib/stdio.c                          0x00000000   Number         0  fwritefast_locked.o ABSOLUTE
    ../clib/stdio.c                          0x00000000   Number         0  fputs_locked.o ABSOLUTE
    ../clib/stdio.c                          0x00000000   Number         0  fflush_locked.o ABSOLUTE
    ../clib/stdio.c                          0x00000000   Number         0  setvbuf.o ABSOLUTE
    ../clib/stdio.c                          0x00000000   Number         0  ferror.o ABSOLUTE
    ../clib/stdio.c                          0x00000000   Number         0  fputc.o ABSOLUTE
    ../clib/stdio.c                          0x00000000   Number         0  initio.o ABSOLUTE
    ../clib/stdio.c                          0x00000000   Number         0  fputc_locked.o ABSOLUTE
    ../clib/stdio.c                          0x00000000   Number         0  ferror_locked.o ABSOLUTE
    ../clib/stdlib.c                         0x00000000   Number         0  exit.o ABSOLUTE
    ../clib/wchar.c                          0x00000000   Number         0  flsbuf_fwide.o ABSOLUTE
    ../fplib/dretinf.s                       0x00000000   Number         0  dretinf.o ABSOLUTE
    ../fplib/f2d.s                           0x00000000   Number         0  f2d.o ABSOLUTE
    ../fplib/faddsub.s                       0x00000000   Number         0  faddsub_clz.o ABSOLUTE
    ../fplib/fdiv.s                          0x00000000   Number         0  fdiv.o ABSOLUTE
    ../fplib/ffix.s                          0x00000000   Number         0  ffix.o ABSOLUTE
    ../fplib/fflt.s                          0x00000000   Number         0  fflt_clz.o ABSOLUTE
    ../fplib/fmul.s                          0x00000000   Number         0  fmul.o ABSOLUTE
    ../fplib/fnaninf.s                       0x00000000   Number         0  fnaninf.o ABSOLUTE
    ../fplib/fpinit.s                        0x00000000   Number         0  fpinit.o ABSOLUTE
    ../fplib/fretinf.s                       0x00000000   Number         0  fretinf.o ABSOLUTE
    ../fplib/istatus.s                       0x00000000   Number         0  istatus.o ABSOLUTE
    ../fplib/printf1.s                       0x00000000   Number         0  printf1.o ABSOLUTE
    ../fplib/usenofp.s                       0x00000000   Number         0  usenofp.o ABSOLUTE
    ../mathlib/fpclassify.c                  0x00000000   Number         0  fpclassify.o ABSOLUTE
    ASM_funct.s                              0x00000000   Number         0  asm_funct.o ABSOLUTE
    C:\Users\Filippo Martino\AppData\Local\Arm\Packs\Keil\ARM_Compiler\1.6.3\Source\retarget_io.c 0x00000000   Number         0  retarget_io.o ABSOLUTE
    dc.s                                     0x00000000   Number         0  dc.o ABSOLUTE
    main.c                                   0x00000000   Number         0  main.o ABSOLUTE
    startup_LPC17xx.s                        0x00000000   Number         0  startup_lpc17xx.o ABSOLUTE
    !!!main                                  0x000000cc   Section        8  __main.o(!!!main)
    !!!scatter                               0x000000d4   Section       52  __scatter.o(!!!scatter)
    !!handler_copy                           0x00000108   Section       26  __scatter_copy.o(!!handler_copy)
    !!handler_zi                             0x00000124   Section       28  __scatter_zi.o(!!handler_zi)
    .ARM.Collect$$_printf_percent$$00000000  0x00000140   Section        0  _printf_percent.o(.ARM.Collect$$_printf_percent$$00000000)
    .ARM.Collect$$_printf_percent$$00000003  0x00000140   Section        6  _printf_f.o(.ARM.Collect$$_printf_percent$$00000003)
    .ARM.Collect$$_printf_percent$$00000017  0x00000146   Section        4  _printf_percent_end.o(.ARM.Collect$$_printf_percent$$00000017)
    .ARM.Collect$$libinit$$00000000          0x0000014a   Section        2  libinit.o(.ARM.Collect$$libinit$$00000000)
    .ARM.Collect$$libinit$$00000002          0x0000014c   Section        0  libinit2.o(.ARM.Collect$$libinit$$00000002)
    .ARM.Collect$$libinit$$00000004          0x0000014c   Section        0  libinit2.o(.ARM.Collect$$libinit$$00000004)
    .ARM.Collect$$libinit$$00000005          0x0000014c   Section        8  libinit2.o(.ARM.Collect$$libinit$$00000005)
    .ARM.Collect$$libinit$$0000000A          0x00000154   Section        0  libinit2.o(.ARM.Collect$$libinit$$0000000A)
    .ARM.Collect$$libinit$$0000000C          0x00000154   Section        0  libinit2.o(.ARM.Collect$$libinit$$0000000C)
    .ARM.Collect$$libinit$$0000000E          0x00000154   Section        0  libinit2.o(.ARM.Collect$$libinit$$0000000E)
    .ARM.Collect$$libinit$$0000000F          0x00000154   Section        6  libinit2.o(.ARM.Collect$$libinit$$0000000F)
    .ARM.Collect$$libinit$$00000011          0x0000015a   Section        0  libinit2.o(.ARM.Collect$$libinit$$00000011)
    .ARM.Collect$$libinit$$00000013          0x0000015a   Section        0  libinit2.o(.ARM.Collect$$libinit$$00000013)
    .ARM.Collect$$libinit$$00000015          0x0000015a   Section        0  libinit2.o(.ARM.Collect$$libinit$$00000015)
    .ARM.Collect$$libinit$$00000016          0x0000015a   Section       10  libinit2.o(.ARM.Collect$$libinit$$00000016)
    .ARM.Collect$$libinit$$00000017          0x00000164   Section        0  libinit2.o(.ARM.Collect$$libinit$$00000017)
    .ARM.Collect$$libinit$$00000019          0x00000164   Section        0  libinit2.o(.ARM.Collect$$libinit$$00000019)
    .ARM.Collect$$libinit$$0000001B          0x00000164   Section        0  libinit2.o(.ARM.Collect$$libinit$$0000001B)
    .ARM.Collect$$libinit$$0000001D          0x00000164   Section        0  libinit2.o(.ARM.Collect$$libinit$$0000001D)
    .ARM.Collect$$libinit$$0000001F          0x00000164   Section        0  libinit2.o(.ARM.Collect$$libinit$$0000001F)
    .ARM.Collect$$libinit$$00000021          0x00000164   Section        0  libinit2.o(.ARM.Collect$$libinit$$00000021)
    .ARM.Collect$$libinit$$00000023          0x00000164   Section        0  libinit2.o(.ARM.Collect$$libinit$$00000023)
    .ARM.Collect$$libinit$$00000024          0x00000164   Section        4  libinit2.o(.ARM.Collect$$libinit$$00000024)
    .ARM.Collect$$libinit$$00000025          0x00000168   Section        0  libinit2.o(.ARM.Collect$$libinit$$00000025)
    .ARM.Collect$$libinit$$0000002C          0x00000168   Section        0  libinit2.o(.ARM.Collect$$libinit$$0000002C)
    .ARM.Collect$$libinit$$0000002E          0x00000168   Section        0  libinit2.o(.ARM.Collect$$libinit$$0000002E)
    .ARM.Collect$$libinit$$00000030          0x00000168   Section        0  libinit2.o(.ARM.Collect$$libinit$$00000030)
    .ARM.Collect$$libinit$$00000032          0x00000168   Section        0  libinit2.o(.ARM.Collect$$libinit$$00000032)
    .ARM.Collect$$libinit$$00000033          0x00000168   Section        2  libinit2.o(.ARM.Collect$$libinit$$00000033)
    .ARM.Collect$$libshutdown$$00000000      0x0000016a   Section        2  libshutdown.o(.ARM.Collect$$libshutdown$$00000000)
    .ARM.Collect$$libshutdown$$00000002      0x0000016c   Section        0  libshutdown2.o(.ARM.Collect$$libshutdown$$00000002)
    .ARM.Collect$$libshutdown$$00000004      0x0000016c   Section        0  libshutdown2.o(.ARM.Collect$$libshutdown$$00000004)
    .ARM.Collect$$libshutdown$$00000005      0x0000016c   Section        4  libshutdown2.o(.ARM.Collect$$libshutdown$$00000005)
    .ARM.Collect$$libshutdown$$00000006      0x00000170   Section        0  libshutdown2.o(.ARM.Collect$$libshutdown$$00000006)
    .ARM.Collect$$libshutdown$$00000009      0x00000170   Section        0  libshutdown2.o(.ARM.Collect$$libshutdown$$00000009)
    .ARM.Collect$$libshutdown$$0000000C      0x00000170   Section        0  libshutdown2.o(.ARM.Collect$$libshutdown$$0000000C)
    .ARM.Collect$$libshutdown$$0000000E      0x00000170   Section        0  libshutdown2.o(.ARM.Collect$$libshutdown$$0000000E)
    .ARM.Collect$$libshutdown$$00000011      0x00000170   Section        0  libshutdown2.o(.ARM.Collect$$libshutdown$$00000011)
    .ARM.Collect$$libshutdown$$00000012      0x00000170   Section        2  libshutdown2.o(.ARM.Collect$$libshutdown$$00000012)
    .ARM.Collect$$rtentry$$00000000          0x00000172   Section        0  __rtentry.o(.ARM.Collect$$rtentry$$00000000)
    .ARM.Collect$$rtentry$$00000002          0x00000172   Section        0  __rtentry2.o(.ARM.Collect$$rtentry$$00000002)
    .ARM.Collect$$rtentry$$00000004          0x00000172   Section        6  __rtentry4.o(.ARM.Collect$$rtentry$$00000004)
    .ARM.Collect$$rtentry$$00000009          0x00000178   Section        0  __rtentry2.o(.ARM.Collect$$rtentry$$00000009)
    .ARM.Collect$$rtentry$$0000000A          0x00000178   Section        4  __rtentry2.o(.ARM.Collect$$rtentry$$0000000A)
    .ARM.Collect$$rtentry$$0000000C          0x0000017c   Section        0  __rtentry2.o(.ARM.Collect$$rtentry$$0000000C)
    .ARM.Collect$$rtentry$$0000000D          0x0000017c   Section        8  __rtentry2.o(.ARM.Collect$$rtentry$$0000000D)
    .ARM.Collect$$rtexit$$00000000           0x00000184   Section        2  rtexit.o(.ARM.Collect$$rtexit$$00000000)
    .ARM.Collect$$rtexit$$00000002           0x00000186   Section        0  rtexit2.o(.ARM.Collect$$rtexit$$00000002)
    .ARM.Collect$$rtexit$$00000003           0x00000186   Section        4  rtexit2.o(.ARM.Collect$$rtexit$$00000003)
    .ARM.Collect$$rtexit$$00000004           0x0000018a   Section        6  rtexit2.o(.ARM.Collect$$rtexit$$00000004)
    .emb_text                                0x00000190   Section        0  maybetermalloc1.o(.emb_text)
    .text                                    0x00000190   Section       52  startup_lpc17xx.o(.text)
    .text                                    0x000001c4   Section        0  main.o(.text)
    .text                                    0x00000264   Section        0  noretval__2printf.o(.text)
    .text                                    0x0000027c   Section      128  strcmpv7m.o(.text)
    .ARM.__at_0x02FC                         0x000002fc   Section        4  startup_lpc17xx.o(.ARM.__at_0x02FC)
    .text                                    0x00000300   Section        0  retarget_io.o(.text)
    stdin_getchar                            0x00000345   Thumb Code    16  retarget_io.o(.text)
    stdout_putchar                           0x00000355   Thumb Code    12  retarget_io.o(.text)
    stderr_putchar                           0x00000361   Thumb Code    12  retarget_io.o(.text)
    .text                                    0x0000052c   Section        0  __printf_wp.o(.text)
    .text                                    0x0000063a   Section        0  heapauxi.o(.text)
    .text                                    0x00000640   Section        0  _printf_fp_dec.o(.text)
    _fp_digits                               0x00000643   Thumb Code   432  _printf_fp_dec.o(.text)
    .text                                    0x00000a60   Section        0  _printf_char_file.o(.text)
    .text                                    0x00000a84   Section        8  rt_locale_intlibspace.o(.text)
    .text                                    0x00000a8c   Section      138  lludiv10.o(.text)
    .text                                    0x00000b18   Section        0  _printf_char_common.o(.text)
    _printf_input_char                       0x00000b19   Thumb Code    10  _printf_char_common.o(.text)
    .text                                    0x00000b48   Section        0  _printf_fp_infnan.o(.text)
    .text                                    0x00000bc8   Section        0  bigflt0.o(.text)
    .text                                    0x00000cac   Section        0  ferror.o(.text)
    .text                                    0x00000cb4   Section        0  initio.o(.text)
    .text                                    0x00000dec   Section        8  libspace.o(.text)
    .text                                    0x00000df4   Section       74  sys_stackheap_outer.o(.text)
    .text                                    0x00000e3e   Section        0  h1_free.o(.text)
    .text                                    0x00000e8c   Section        0  flsbuf.o(.text)
    .text                                    0x00001062   Section        0  setvbuf.o(.text)
    .text                                    0x000010a8   Section        0  fopen.o(.text)
    _freopen_locked                          0x000010a9   Thumb Code     0  fopen.o(.text)
    .text                                    0x00001194   Section        0  fclose.o(.text)
    .text                                    0x000011e0   Section        0  exit.o(.text)
    .text                                    0x000011f2   Section        0  defsig_rtred_outer.o(.text)
    .text                                    0x00001200   Section       78  rt_memclr_w.o(.text)
    .text                                    0x00001250   Section        8  rt_heap_descriptor_intlibspace.o(.text)
    .text                                    0x00001258   Section        0  hguard.o(.text)
    .text                                    0x0000125c   Section        0  init_alloc.o(.text)
    .text                                    0x000012e6   Section        0  h1_alloc.o(.text)
    .text                                    0x00001344   Section        0  fseek.o(.text)
    .text                                    0x0000143c   Section        0  stdio.o(.text)
    .text                                    0x0000152c   Section        0  defsig_exit.o(.text)
    .text                                    0x00001538   Section        0  defsig_rtred_inner.o(.text)
    .text                                    0x0000156c   Section        0  sys_exit.o(.text)
    .text                                    0x00001578   Section        0  h1_init.o(.text)
    .text                                    0x00001586   Section        0  h1_extend.o(.text)
    .text                                    0x000015ba   Section        0  ftell.o(.text)
    .text                                    0x000015fc   Section        0  defsig_general.o(.text)
    .text                                    0x0000162e   Section        0  defsig_rtmem_outer.o(.text)
    .text                                    0x0000163c   Section        2  use_no_semi.o(.text)
    .text                                    0x0000163e   Section        0  indicate_semi.o(.text)
    .text                                    0x00001640   Section        8  rt_errno_addr_intlibspace.o(.text)
    .text                                    0x00001648   Section        0  defsig_rtmem_inner.o(.text)
    CL$$btod_d2e                             0x00001698   Section       62  btod.o(CL$$btod_d2e)
    CL$$btod_d2e_denorm_low                  0x000016d6   Section       70  btod.o(CL$$btod_d2e_denorm_low)
    CL$$btod_d2e_norm_op1                    0x0000171c   Section       96  btod.o(CL$$btod_d2e_norm_op1)
    CL$$btod_div_common                      0x0000177c   Section      824  btod.o(CL$$btod_div_common)
    CL$$btod_e2e                             0x00001ab4   Section      220  btod.o(CL$$btod_e2e)
    CL$$btod_ediv                            0x00001b90   Section       42  btod.o(CL$$btod_ediv)
    CL$$btod_emul                            0x00001bba   Section       42  btod.o(CL$$btod_emul)
    CL$$btod_mult_common                     0x00001be4   Section      580  btod.o(CL$$btod_mult_common)
    i.__ARM_fpclassify                       0x00001e28   Section        0  fpclassify.o(i.__ARM_fpclassify)
    i._is_digit                              0x00001e50   Section        0  __printf_wp.o(i._is_digit)
    i.fputc                                  0x00001e5e   Section        0  fputc.o(i.fputc)
    locale$$code                             0x00001e78   Section       44  lc_numeric_c.o(locale$$code)
    mycode                                   0x00001ea4   Section       52  asm_funct.o(mycode)
    x$fpl$dretinf                            0x00001ed8   Section       12  dretinf.o(x$fpl$dretinf)
    x$fpl$f2d                                0x00001ee4   Section       86  f2d.o(x$fpl$f2d)
    x$fpl$fadd                               0x00001f3c   Section      196  faddsub_clz.o(x$fpl$fadd)
    _fadd1                                   0x00001f4b   Thumb Code     0  faddsub_clz.o(x$fpl$fadd)
    x$fpl$fdiv                               0x00002000   Section      388  fdiv.o(x$fpl$fdiv)
    _fdiv1                                   0x00002001   Thumb Code     0  fdiv.o(x$fpl$fdiv)
    x$fpl$ffix                               0x00002184   Section       54  ffix.o(x$fpl$ffix)
    x$fpl$fflt                               0x000021bc   Section       48  fflt_clz.o(x$fpl$fflt)
    x$fpl$fmul                               0x000021ec   Section      258  fmul.o(x$fpl$fmul)
    x$fpl$fnaninf                            0x000022ee   Section      140  fnaninf.o(x$fpl$fnaninf)
    x$fpl$fretinf                            0x0000237a   Section       10  fretinf.o(x$fpl$fretinf)
    x$fpl$fsub                               0x00002384   Section      234  faddsub_clz.o(x$fpl$fsub)
    _fsub1                                   0x00002393   Thumb Code     0  faddsub_clz.o(x$fpl$fsub)
    x$fpl$printf1                            0x0000246e   Section        4  printf1.o(x$fpl$printf1)
    .constdata                               0x00002472   Section       23  retarget_io.o(.constdata)
    x$fpl$usenofp                            0x00002472   Section        0  usenofp.o(x$fpl$usenofp)
    .constdata                               0x0000248c   Section      148  bigflt0.o(.constdata)
    tenpwrs_x                                0x0000248c   Data          60  bigflt0.o(.constdata)
    tenpwrs_i                                0x000024c8   Data          64  bigflt0.o(.constdata)
    locale$$data                             0x00002540   Section       28  lc_numeric_c.o(locale$$data)
    __lcnum_c_name                           0x00002544   Data           2  lc_numeric_c.o(locale$$data)
    __lcnum_c_start                          0x0000254c   Data           0  lc_numeric_c.o(locale$$data)
    __lcnum_c_point                          0x00002558   Data           0  lc_numeric_c.o(locale$$data)
    __lcnum_c_thousands                      0x0000255a   Data           0  lc_numeric_c.o(locale$$data)
    __lcnum_c_grouping                       0x0000255b   Data           0  lc_numeric_c.o(locale$$data)
    my_data                                  0x0000255c   Section      970  startup_lpc17xx.o(my_data)
    __lcnum_c_end                            0x0000255c   Data           0  lc_numeric_c.o(locale$$data)
    .data                                    0x10000000   Section        4  retarget_io.o(.data)
    .data                                    0x10000004   Section        4  stdio_streams.o(.data)
    .data                                    0x10000008   Section        4  stdio_streams.o(.data)
    .data                                    0x1000000c   Section        4  stdio_streams.o(.data)
    .bss                                     0x10000010   Section       84  stdio_streams.o(.bss)
    .bss                                     0x10000064   Section       84  stdio_streams.o(.bss)
    .bss                                     0x100000b8   Section       84  stdio_streams.o(.bss)
    .bss                                     0x1000010c   Section       96  libspace.o(.bss)
    HEAP                                     0x10000170   Section        0  startup_lpc17xx.o(HEAP)
    STACK                                    0x10000170   Section      512  startup_lpc17xx.o(STACK)
    Heap_Mem                                 0x10000170   Data           0  startup_lpc17xx.o(HEAP)
    Stack_Mem                                0x10000170   Data         512  startup_lpc17xx.o(STACK)
    __initial_sp                             0x10000370   Data           0  startup_lpc17xx.o(STACK)

    Global Symbols

    Symbol Name                              Value     Ov Type        Size  Object(Section)

    BuildAttributes$$THM_ISAv4$P$D$K$B$S$PE$A:L22UL41UL21$X:L11$S22US41US21$IEEE1$IW$USESV6$~STKCKD$USESV7$~SHL$OTIME$ROPI$IEEEJ$EBA8$UX$STANDARDLIB$REQ8$PRES8$EABIv2 0x00000000   Number         0  anon$$obj.o ABSOLUTE
    __ARM_use_no_argv                        0x00000000   Number         0  main.o ABSOLUTE
    __Vectors                                0x00000000   Data           4  startup_lpc17xx.o(RESET)
    _printf_flags                            0x00000000   Number         0  printf_stubs.o ABSOLUTE
    _printf_return_value                     0x00000000   Number         0  printf_stubs.o ABSOLUTE
    _printf_sizespec                         0x00000000   Number         0  printf_stubs.o ABSOLUTE
    _printf_widthprec                        0x00000000   Number         0  printf_stubs.o ABSOLUTE
    __ARM_exceptions_init                     - Undefined Weak Reference
    __alloca_initialize                       - Undefined Weak Reference
    __arm_fini_                               - Undefined Weak Reference
    __arm_preinit_                            - Undefined Weak Reference
    __cpp_initialize__aeabi_                  - Undefined Weak Reference
    __cxa_finalize                            - Undefined Weak Reference
    __sigvec_lookup                           - Undefined Weak Reference
    __user_heap_extent                        - Undefined Weak Reference
    _atexit_init                              - Undefined Weak Reference
    _call_atexit_fns                          - Undefined Weak Reference
    _clock_init                               - Undefined Weak Reference
    _fp_trap_init                             - Undefined Weak Reference
    _fp_trap_shutdown                         - Undefined Weak Reference
    _get_lc_collate                           - Undefined Weak Reference
    _get_lc_ctype                             - Undefined Weak Reference
    _get_lc_monetary                          - Undefined Weak Reference
    _get_lc_time                              - Undefined Weak Reference
    _getenv_init                              - Undefined Weak Reference
    _handle_redirection                       - Undefined Weak Reference
    _mutex_acquire                            - Undefined Weak Reference
    _mutex_free                               - Undefined Weak Reference
    _mutex_release                            - Undefined Weak Reference
    _printf_post_padding                      - Undefined Weak Reference
    _printf_pre_padding                       - Undefined Weak Reference
    _rand_init                                - Undefined Weak Reference
    _signal_finish                            - Undefined Weak Reference
    _signal_init                              - Undefined Weak Reference
    __main                                   0x000000cd   Thumb Code     8  __main.o(!!!main)
    __scatterload                            0x000000d5   Thumb Code     0  __scatter.o(!!!scatter)
    __scatterload_rt2                        0x000000d5   Thumb Code    44  __scatter.o(!!!scatter)
    __scatterload_rt2_thumb_only             0x000000d5   Thumb Code     0  __scatter.o(!!!scatter)
    __scatterload_null                       0x000000e3   Thumb Code     0  __scatter.o(!!!scatter)
    __scatterload_copy                       0x00000109   Thumb Code    26  __scatter_copy.o(!!handler_copy)
    __scatterload_zeroinit                   0x00000125   Thumb Code    28  __scatter_zi.o(!!handler_zi)
    _printf_f                                0x00000141   Thumb Code     0  _printf_f.o(.ARM.Collect$$_printf_percent$$00000003)
    _printf_percent                          0x00000141   Thumb Code     0  _printf_percent.o(.ARM.Collect$$_printf_percent$$00000000)
    _printf_percent_end                      0x00000147   Thumb Code     0  _printf_percent_end.o(.ARM.Collect$$_printf_percent$$00000017)
    __rt_lib_init                            0x0000014b   Thumb Code     0  libinit.o(.ARM.Collect$$libinit$$00000000)
    __rt_lib_init_fp_1                       0x0000014d   Thumb Code     0  libinit2.o(.ARM.Collect$$libinit$$00000002)
    __rt_lib_init_heap_2                     0x0000014d   Thumb Code     0  libinit2.o(.ARM.Collect$$libinit$$00000005)
    __rt_lib_init_preinit_1                  0x0000014d   Thumb Code     0  libinit2.o(.ARM.Collect$$libinit$$00000004)
    __rt_lib_init_heap_1                     0x00000155   Thumb Code     0  libinit2.o(.ARM.Collect$$libinit$$0000000A)
    __rt_lib_init_lc_common                  0x00000155   Thumb Code     0  libinit2.o(.ARM.Collect$$libinit$$0000000F)
    __rt_lib_init_rand_1                     0x00000155   Thumb Code     0  libinit2.o(.ARM.Collect$$libinit$$0000000E)
    __rt_lib_init_user_alloc_1               0x00000155   Thumb Code     0  libinit2.o(.ARM.Collect$$libinit$$0000000C)
    __rt_lib_init_lc_collate_1               0x0000015b   Thumb Code     0  libinit2.o(.ARM.Collect$$libinit$$00000011)
    __rt_lib_init_lc_ctype_1                 0x0000015b   Thumb Code     0  libinit2.o(.ARM.Collect$$libinit$$00000013)
    __rt_lib_init_lc_monetary_1              0x0000015b   Thumb Code     0  libinit2.o(.ARM.Collect$$libinit$$00000015)
    __rt_lib_init_lc_numeric_2               0x0000015b   Thumb Code     0  libinit2.o(.ARM.Collect$$libinit$$00000016)
    __rt_lib_init_atexit_1                   0x00000165   Thumb Code     0  libinit2.o(.ARM.Collect$$libinit$$0000001B)
    __rt_lib_init_clock_1                    0x00000165   Thumb Code     0  libinit2.o(.ARM.Collect$$libinit$$00000021)
    __rt_lib_init_fp_trap_1                  0x00000165   Thumb Code     0  libinit2.o(.ARM.Collect$$libinit$$0000001F)
    __rt_lib_init_getenv_1                   0x00000165   Thumb Code     0  libinit2.o(.ARM.Collect$$libinit$$00000023)
    __rt_lib_init_lc_numeric_1               0x00000165   Thumb Code     0  libinit2.o(.ARM.Collect$$libinit$$00000017)
    __rt_lib_init_lc_time_1                  0x00000165   Thumb Code     0  libinit2.o(.ARM.Collect$$libinit$$00000019)
    __rt_lib_init_signal_1                   0x00000165   Thumb Code     0  libinit2.o(.ARM.Collect$$libinit$$0000001D)
    __rt_lib_init_stdio_2                    0x00000165   Thumb Code     0  libinit2.o(.ARM.Collect$$libinit$$00000024)
    __rt_lib_init_alloca_1                   0x00000169   Thumb Code     0  libinit2.o(.ARM.Collect$$libinit$$0000002E)
    __rt_lib_init_argv_1                     0x00000169   Thumb Code     0  libinit2.o(.ARM.Collect$$libinit$$0000002C)
    __rt_lib_init_cpp_1                      0x00000169   Thumb Code     0  libinit2.o(.ARM.Collect$$libinit$$00000032)
    __rt_lib_init_exceptions_1               0x00000169   Thumb Code     0  libinit2.o(.ARM.Collect$$libinit$$00000030)
    __rt_lib_init_return                     0x00000169   Thumb Code     0  libinit2.o(.ARM.Collect$$libinit$$00000033)
    __rt_lib_init_stdio_1                    0x00000169   Thumb Code     0  libinit2.o(.ARM.Collect$$libinit$$00000025)
    __rt_lib_shutdown                        0x0000016b   Thumb Code     0  libshutdown.o(.ARM.Collect$$libshutdown$$00000000)
    __rt_lib_shutdown_cpp_1                  0x0000016d   Thumb Code     0  libshutdown2.o(.ARM.Collect$$libshutdown$$00000004)
    __rt_lib_shutdown_fini_1                 0x0000016d   Thumb Code     0  libshutdown2.o(.ARM.Collect$$libshutdown$$00000002)
    __rt_lib_shutdown_stdio_2                0x0000016d   Thumb Code     0  libshutdown2.o(.ARM.Collect$$libshutdown$$00000005)
    __rt_lib_shutdown_fp_trap_1              0x00000171   Thumb Code     0  libshutdown2.o(.ARM.Collect$$libshutdown$$00000009)
    __rt_lib_shutdown_heap_1                 0x00000171   Thumb Code     0  libshutdown2.o(.ARM.Collect$$libshutdown$$00000011)
    __rt_lib_shutdown_return                 0x00000171   Thumb Code     0  libshutdown2.o(.ARM.Collect$$libshutdown$$00000012)
    __rt_lib_shutdown_signal_1               0x00000171   Thumb Code     0  libshutdown2.o(.ARM.Collect$$libshutdown$$0000000C)
    __rt_lib_shutdown_stdio_1                0x00000171   Thumb Code     0  libshutdown2.o(.ARM.Collect$$libshutdown$$00000006)
    __rt_lib_shutdown_user_alloc_1           0x00000171   Thumb Code     0  libshutdown2.o(.ARM.Collect$$libshutdown$$0000000E)
    __rt_entry                               0x00000173   Thumb Code     0  __rtentry.o(.ARM.Collect$$rtentry$$00000000)
    __rt_entry_presh_1                       0x00000173   Thumb Code     0  __rtentry2.o(.ARM.Collect$$rtentry$$00000002)
    __rt_entry_sh                            0x00000173   Thumb Code     0  __rtentry4.o(.ARM.Collect$$rtentry$$00000004)
    __rt_entry_li                            0x00000179   Thumb Code     0  __rtentry2.o(.ARM.Collect$$rtentry$$0000000A)
    __rt_entry_postsh_1                      0x00000179   Thumb Code     0  __rtentry2.o(.ARM.Collect$$rtentry$$00000009)
    __rt_entry_main                          0x0000017d   Thumb Code     0  __rtentry2.o(.ARM.Collect$$rtentry$$0000000D)
    __rt_entry_postli_1                      0x0000017d   Thumb Code     0  __rtentry2.o(.ARM.Collect$$rtentry$$0000000C)
    __rt_exit                                0x00000185   Thumb Code     0  rtexit.o(.ARM.Collect$$rtexit$$00000000)
    __rt_exit_ls                             0x00000187   Thumb Code     0  rtexit2.o(.ARM.Collect$$rtexit$$00000003)
    __rt_exit_prels_1                        0x00000187   Thumb Code     0  rtexit2.o(.ARM.Collect$$rtexit$$00000002)
    __rt_exit_exit                           0x0000018b   Thumb Code     0  rtexit2.o(.ARM.Collect$$rtexit$$00000004)
    Reset_Handler                            0x00000191   Thumb Code     4  startup_lpc17xx.o(.text)
    _maybe_terminate_alloc                   0x00000191   Thumb Code     0  maybetermalloc1.o(.emb_text)
    NMI_Handler                              0x00000195   Thumb Code     2  startup_lpc17xx.o(.text)
    HardFault_Handler                        0x00000197   Thumb Code     2  startup_lpc17xx.o(.text)
    MemManage_Handler                        0x00000199   Thumb Code     2  startup_lpc17xx.o(.text)
    BusFault_Handler                         0x0000019b   Thumb Code     2  startup_lpc17xx.o(.text)
    UsageFault_Handler                       0x0000019d   Thumb Code     2  startup_lpc17xx.o(.text)
    SVC_Handler                              0x0000019f   Thumb Code     2  startup_lpc17xx.o(.text)
    DebugMon_Handler                         0x000001a1   Thumb Code     2  startup_lpc17xx.o(.text)
    PendSV_Handler                           0x000001a3   Thumb Code     2  startup_lpc17xx.o(.text)
    SysTick_Handler                          0x000001a5   Thumb Code     2  startup_lpc17xx.o(.text)
    ADC_IRQHandler                           0x000001a7   Thumb Code     0  startup_lpc17xx.o(.text)
    BOD_IRQHandler                           0x000001a7   Thumb Code     0  startup_lpc17xx.o(.text)
    CANActivity_IRQHandler                   0x000001a7   Thumb Code     0  startup_lpc17xx.o(.text)
    CAN_IRQHandler                           0x000001a7   Thumb Code     0  startup_lpc17xx.o(.text)
    DMA_IRQHandler                           0x000001a7   Thumb Code     0  startup_lpc17xx.o(.text)
    EINT0_IRQHandler                         0x000001a7   Thumb Code     0  startup_lpc17xx.o(.text)
    EINT1_IRQHandler                         0x000001a7   Thumb Code     0  startup_lpc17xx.o(.text)
    EINT2_IRQHandler                         0x000001a7   Thumb Code     0  startup_lpc17xx.o(.text)
    EINT3_IRQHandler                         0x000001a7   Thumb Code     0  startup_lpc17xx.o(.text)
    ENET_IRQHandler                          0x000001a7   Thumb Code     0  startup_lpc17xx.o(.text)
    I2C0_IRQHandler                          0x000001a7   Thumb Code     0  startup_lpc17xx.o(.text)
    I2C1_IRQHandler                          0x000001a7   Thumb Code     0  startup_lpc17xx.o(.text)
    I2C2_IRQHandler                          0x000001a7   Thumb Code     0  startup_lpc17xx.o(.text)
    I2S_IRQHandler                           0x000001a7   Thumb Code     0  startup_lpc17xx.o(.text)
    MCPWM_IRQHandler                         0x000001a7   Thumb Code     0  startup_lpc17xx.o(.text)
    PLL0_IRQHandler                          0x000001a7   Thumb Code     0  startup_lpc17xx.o(.text)
    PLL1_IRQHandler                          0x000001a7   Thumb Code     0  startup_lpc17xx.o(.text)
    PWM1_IRQHandler                          0x000001a7   Thumb Code     0  startup_lpc17xx.o(.text)
    QEI_IRQHandler                           0x000001a7   Thumb Code     0  startup_lpc17xx.o(.text)
    RIT_IRQHandler                           0x000001a7   Thumb Code     0  startup_lpc17xx.o(.text)
    RTC_IRQHandler                           0x000001a7   Thumb Code     0  startup_lpc17xx.o(.text)
    SPI_IRQHandler                           0x000001a7   Thumb Code     0  startup_lpc17xx.o(.text)
    SSP0_IRQHandler                          0x000001a7   Thumb Code     0  startup_lpc17xx.o(.text)
    SSP1_IRQHandler                          0x000001a7   Thumb Code     0  startup_lpc17xx.o(.text)
    TIMER0_IRQHandler                        0x000001a7   Thumb Code     0  startup_lpc17xx.o(.text)
    TIMER1_IRQHandler                        0x000001a7   Thumb Code     0  startup_lpc17xx.o(.text)
    TIMER2_IRQHandler                        0x000001a7   Thumb Code     0  startup_lpc17xx.o(.text)
    TIMER3_IRQHandler                        0x000001a7   Thumb Code     0  startup_lpc17xx.o(.text)
    UART0_IRQHandler                         0x000001a7   Thumb Code     0  startup_lpc17xx.o(.text)
    UART1_IRQHandler                         0x000001a7   Thumb Code     0  startup_lpc17xx.o(.text)
    UART2_IRQHandler                         0x000001a7   Thumb Code     0  startup_lpc17xx.o(.text)
    UART3_IRQHandler                         0x000001a7   Thumb Code     0  startup_lpc17xx.o(.text)
    USBActivity_IRQHandler                   0x000001a7   Thumb Code     0  startup_lpc17xx.o(.text)
    USB_IRQHandler                           0x000001a7   Thumb Code     0  startup_lpc17xx.o(.text)
    WDT_IRQHandler                           0x000001a7   Thumb Code     0  startup_lpc17xx.o(.text)
    __user_initial_stackheap                 0x000001a9   Thumb Code     0  startup_lpc17xx.o(.text)
    main                                     0x000001c5   Thumb Code   140  main.o(.text)
    __2printf                                0x00000265   Thumb Code    20  noretval__2printf.o(.text)
    strcmp                                   0x0000027d   Thumb Code   128  strcmpv7m.o(.text)
    ITM_SendChar                             0x00000301   Thumb Code    42  retarget_io.o(.text)
    ITM_ReceiveChar                          0x0000032b   Thumb Code    26  retarget_io.o(.text)
    _sys_open                                0x0000036d   Thumb Code    80  retarget_io.o(.text)
    _sys_close                               0x000003bd   Thumb Code    38  retarget_io.o(.text)
    _sys_write                               0x000003e3   Thumb Code    88  retarget_io.o(.text)
    _sys_read                                0x0000043b   Thumb Code    76  retarget_io.o(.text)
    _ttywrch                                 0x00000487   Thumb Code    12  retarget_io.o(.text)
    _sys_istty                               0x00000493   Thumb Code    36  retarget_io.o(.text)
    _sys_seek                                0x000004b7   Thumb Code    44  retarget_io.o(.text)
    _sys_flen                                0x000004e3   Thumb Code    36  retarget_io.o(.text)
    __printf                                 0x0000052d   Thumb Code   270  __printf_wp.o(.text)
    __use_two_region_memory                  0x0000063b   Thumb Code     2  heapauxi.o(.text)
    __rt_heap_escrow                         0x0000063d   Thumb Code     2  heapauxi.o(.text)
    __rt_heap_expand                         0x0000063f   Thumb Code     2  heapauxi.o(.text)
    __lib_sel_fp_printf                      0x00000641   Thumb Code     2  _printf_fp_dec.o(.text)
    _printf_fp_dec_real                      0x000007f3   Thumb Code   620  _printf_fp_dec.o(.text)
    _printf_char_file                        0x00000a61   Thumb Code    32  _printf_char_file.o(.text)
    __rt_locale                              0x00000a85   Thumb Code     8  rt_locale_intlibspace.o(.text)
    _ll_udiv10                               0x00000a8d   Thumb Code   138  lludiv10.o(.text)
    _printf_char_common                      0x00000b23   Thumb Code    32  _printf_char_common.o(.text)
    _printf_fp_infnan                        0x00000b49   Thumb Code   112  _printf_fp_infnan.o(.text)
    _btod_etento                             0x00000bc9   Thumb Code   224  bigflt0.o(.text)
    ferror                                   0x00000cad   Thumb Code     8  ferror.o(.text)
    _initio                                  0x00000cb5   Thumb Code   210  initio.o(.text)
    _terminateio                             0x00000d87   Thumb Code    56  initio.o(.text)
    __user_libspace                          0x00000ded   Thumb Code     8  libspace.o(.text)
    __user_perproc_libspace                  0x00000ded   Thumb Code     0  libspace.o(.text)
    __user_perthread_libspace                0x00000ded   Thumb Code     0  libspace.o(.text)
    __user_setup_stackheap                   0x00000df5   Thumb Code    74  sys_stackheap_outer.o(.text)
    free                                     0x00000e3f   Thumb Code    78  h1_free.o(.text)
    __flsbuf                                 0x00000e8d   Thumb Code   470  flsbuf.o(.text)
    __flsbuf_byte                            0x00000e8d   Thumb Code     0  flsbuf.o(.text)
    __flsbuf_wide                            0x00000e8d   Thumb Code     0  flsbuf.o(.text)
    setvbuf                                  0x00001063   Thumb Code    70  setvbuf.o(.text)
    freopen                                  0x000010a9   Thumb Code   158  fopen.o(.text)
    fopen                                    0x00001147   Thumb Code    74  fopen.o(.text)
    _fclose_internal                         0x00001195   Thumb Code    76  fclose.o(.text)
    fclose                                   0x00001195   Thumb Code     0  fclose.o(.text)
    exit                                     0x000011e1   Thumb Code    18  exit.o(.text)
    __rt_SIGRTRED                            0x000011f3   Thumb Code    14  defsig_rtred_outer.o(.text)
    __aeabi_memclr4                          0x00001201   Thumb Code     0  rt_memclr_w.o(.text)
    __aeabi_memclr8                          0x00001201   Thumb Code     0  rt_memclr_w.o(.text)
    __rt_memclr_w                            0x00001201   Thumb Code    78  rt_memclr_w.o(.text)
    _memset_w                                0x00001205   Thumb Code     0  rt_memclr_w.o(.text)
    __rt_heap_descriptor                     0x00001251   Thumb Code     8  rt_heap_descriptor_intlibspace.o(.text)
    __use_no_heap                            0x00001259   Thumb Code     2  hguard.o(.text)
    __heap$guard                             0x0000125b   Thumb Code     2  hguard.o(.text)
    _terminate_user_alloc                    0x0000125d   Thumb Code     2  init_alloc.o(.text)
    _init_user_alloc                         0x0000125f   Thumb Code     2  init_alloc.o(.text)
    __Heap_Full                              0x00001261   Thumb Code    34  init_alloc.o(.text)
    __Heap_Broken                            0x00001283   Thumb Code     6  init_alloc.o(.text)
    _init_alloc                              0x00001289   Thumb Code    94  init_alloc.o(.text)
    malloc                                   0x000012e7   Thumb Code    94  h1_alloc.o(.text)
    _fseek                                   0x00001345   Thumb Code   242  fseek.o(.text)
    fseek                                    0x00001345   Thumb Code     0  fseek.o(.text)
    _seterr                                  0x0000143d   Thumb Code    20  stdio.o(.text)
    _writebuf                                0x00001451   Thumb Code    84  stdio.o(.text)
    _fflush                                  0x000014a5   Thumb Code    70  stdio.o(.text)
    _deferredlazyseek                        0x000014eb   Thumb Code    60  stdio.o(.text)
    __sig_exit                               0x0000152d   Thumb Code    10  defsig_exit.o(.text)
    __rt_SIGRTRED_inner                      0x00001539   Thumb Code    14  defsig_rtred_inner.o(.text)
    _sys_exit                                0x0000156d   Thumb Code     8  sys_exit.o(.text)
    __Heap_Initialize                        0x00001579   Thumb Code    10  h1_init.o(.text)
    __Heap_DescSize                          0x00001583   Thumb Code     4  h1_init.o(.text)
    __Heap_ProvideMemory                     0x00001587   Thumb Code    52  h1_extend.o(.text)
    _ftell_internal                          0x000015bb   Thumb Code    66  ftell.o(.text)
    ftell                                    0x000015bb   Thumb Code     0  ftell.o(.text)
    __default_signal_display                 0x000015fd   Thumb Code    50  defsig_general.o(.text)
    __rt_SIGRTMEM                            0x0000162f   Thumb Code    14  defsig_rtmem_outer.o(.text)
    __I$use$semihosting                      0x0000163d   Thumb Code     0  use_no_semi.o(.text)
    __use_no_semihosting_swi                 0x0000163d   Thumb Code     2  use_no_semi.o(.text)
    __semihosting_library_function           0x0000163f   Thumb Code     0  indicate_semi.o(.text)
    __aeabi_errno_addr                       0x00001641   Thumb Code     8  rt_errno_addr_intlibspace.o(.text)
    __errno$intlibspace                      0x00001641   Thumb Code     0  rt_errno_addr_intlibspace.o(.text)
    __rt_errno_addr$intlibspace              0x00001641   Thumb Code     0  rt_errno_addr_intlibspace.o(.text)
    __rt_SIGRTMEM_inner                      0x00001649   Thumb Code    22  defsig_rtmem_inner.o(.text)
    _btod_d2e                                0x00001699   Thumb Code    62  btod.o(CL$$btod_d2e)
    _d2e_denorm_low                          0x000016d7   Thumb Code    70  btod.o(CL$$btod_d2e_denorm_low)
    _d2e_norm_op1                            0x0000171d   Thumb Code    96  btod.o(CL$$btod_d2e_norm_op1)
    __btod_div_common                        0x0000177d   Thumb Code   696  btod.o(CL$$btod_div_common)
    _e2e                                     0x00001ab5   Thumb Code   220  btod.o(CL$$btod_e2e)
    _btod_ediv                               0x00001b91   Thumb Code    42  btod.o(CL$$btod_ediv)
    _btod_emul                               0x00001bbb   Thumb Code    42  btod.o(CL$$btod_emul)
    __btod_mult_common                       0x00001be5   Thumb Code   580  btod.o(CL$$btod_mult_common)
    __ARM_fpclassify                         0x00001e29   Thumb Code    40  fpclassify.o(i.__ARM_fpclassify)
    _is_digit                                0x00001e51   Thumb Code    14  __printf_wp.o(i._is_digit)
    fputc                                    0x00001e5f   Thumb Code    26  fputc.o(i.fputc)
    _get_lc_numeric                          0x00001e79   Thumb Code    44  lc_numeric_c.o(locale$$code)
    check_square                             0x00001ea5   Thumb Code    36  asm_funct.o(mycode)
    my_division                              0x00001ec9   Thumb Code    16  asm_funct.o(mycode)
    __fpl_dretinf                            0x00001ed9   Thumb Code    12  dretinf.o(x$fpl$dretinf)
    __aeabi_f2d                              0x00001ee5   Thumb Code     0  f2d.o(x$fpl$f2d)
    _f2d                                     0x00001ee5   Thumb Code    86  f2d.o(x$fpl$f2d)
    __aeabi_fadd                             0x00001f3d   Thumb Code     0  faddsub_clz.o(x$fpl$fadd)
    _fadd                                    0x00001f3d   Thumb Code   196  faddsub_clz.o(x$fpl$fadd)
    __aeabi_fdiv                             0x00002001   Thumb Code     0  fdiv.o(x$fpl$fdiv)
    _fdiv                                    0x00002001   Thumb Code   384  fdiv.o(x$fpl$fdiv)
    __aeabi_f2iz                             0x00002185   Thumb Code     0  ffix.o(x$fpl$ffix)
    _ffix                                    0x00002185   Thumb Code    54  ffix.o(x$fpl$ffix)
    __aeabi_i2f                              0x000021bd   Thumb Code     0  fflt_clz.o(x$fpl$fflt)
    _fflt                                    0x000021bd   Thumb Code    48  fflt_clz.o(x$fpl$fflt)
    __aeabi_fmul                             0x000021ed   Thumb Code     0  fmul.o(x$fpl$fmul)
    _fmul                                    0x000021ed   Thumb Code   258  fmul.o(x$fpl$fmul)
    __fpl_fnaninf                            0x000022ef   Thumb Code   140  fnaninf.o(x$fpl$fnaninf)
    __fpl_fretinf                            0x0000237b   Thumb Code    10  fretinf.o(x$fpl$fretinf)
    __aeabi_fsub                             0x00002385   Thumb Code     0  faddsub_clz.o(x$fpl$fsub)
    _fsub                                    0x00002385   Thumb Code   234  faddsub_clz.o(x$fpl$fsub)
    _printf_fp_dec                           0x0000246f   Thumb Code     4  printf1.o(x$fpl$printf1)
    __I$use$fp                               0x00002472   Number         0  usenofp.o(x$fpl$usenofp)
    __stdin_name                             0x00002472   Data           7  retarget_io.o(.constdata)
    __stdout_name                            0x00002479   Data           8  retarget_io.o(.constdata)
    __stderr_name                            0x00002481   Data           8  retarget_io.o(.constdata)
    Region$$Table$$Base                      0x00002520   Number         0  anon$$obj.o(Region$$Table)
    Region$$Table$$Limit                     0x00002540   Number         0  anon$$obj.o(Region$$Table)
    _Matrix_Coordinates                      0x0000255c   Data          88  startup_lpc17xx.o(my_data)
    _COLUMNS                                 0x00002924   Data           1  startup_lpc17xx.o(my_data)
    _ROWS                                    0x00002925   Data           1  startup_lpc17xx.o(my_data)
    ITM_RxBuffer                             0x10000000   Data           4  retarget_io.o(.data)
    __aeabi_stdin                            0x10000004   Data           4  stdio_streams.o(.data)
    __aeabi_stdout                           0x10000008   Data           4  stdio_streams.o(.data)
    __aeabi_stderr                           0x1000000c   Data           4  stdio_streams.o(.data)
    __stdin                                  0x10000010   Data          84  stdio_streams.o(.bss)
    __stdout                                 0x10000064   Data          84  stdio_streams.o(.bss)
    __stderr                                 0x100000b8   Data          84  stdio_streams.o(.bss)
    __libspace_start                         0x1000010c   Data          96  libspace.o(.bss)
    __temporary_stack_top$libspace           0x1000016c   Data           0  libspace.o(.bss)



==============================================================================

Memory Map of the image

  Image Entry point : 0x00000191

  Load Region LR_1 (Base: 0x00000000, Size: 0x00002938, Max: 0xffffffff, ABSOLUTE)

    Execution Region ER_RO (Exec base: 0x00000000, Load base: 0x00000000, Size: 0x00002928, Max: 0xffffffff, ABSOLUTE)

    Exec Addr    Load Addr    Size         Type   Attr      Idx    E Section Name        Object

    0x00000000   0x00000000   0x000000cc   Data   RO            3    RESET               startup_lpc17xx.o
    0x000000cc   0x000000cc   0x00000008   Code   RO          108  * !!!main             c_w.l(__main.o)
    0x000000d4   0x000000d4   0x00000034   Code   RO          526    !!!scatter          c_w.l(__scatter.o)
    0x00000108   0x00000108   0x0000001a   Code   RO          528    !!handler_copy      c_w.l(__scatter_copy.o)
    0x00000122   0x00000122   0x00000002   PAD
    0x00000124   0x00000124   0x0000001c   Code   RO          530    !!handler_zi        c_w.l(__scatter_zi.o)
    0x00000140   0x00000140   0x00000000   Code   RO          103    .ARM.Collect$$_printf_percent$$00000000  c_w.l(_printf_percent.o)
    0x00000140   0x00000140   0x00000006   Code   RO          102    .ARM.Collect$$_printf_percent$$00000003  c_w.l(_printf_f.o)
    0x00000146   0x00000146   0x00000004   Code   RO          141    .ARM.Collect$$_printf_percent$$00000017  c_w.l(_printf_percent_end.o)
    0x0000014a   0x0000014a   0x00000002   Code   RO          318    .ARM.Collect$$libinit$$00000000  c_w.l(libinit.o)
    0x0000014c   0x0000014c   0x00000000   Code   RO          320    .ARM.Collect$$libinit$$00000002  c_w.l(libinit2.o)
    0x0000014c   0x0000014c   0x00000000   Code   RO          322    .ARM.Collect$$libinit$$00000004  c_w.l(libinit2.o)
    0x0000014c   0x0000014c   0x00000008   Code   RO          323    .ARM.Collect$$libinit$$00000005  c_w.l(libinit2.o)
    0x00000154   0x00000154   0x00000000   Code   RO          325    .ARM.Collect$$libinit$$0000000A  c_w.l(libinit2.o)
    0x00000154   0x00000154   0x00000000   Code   RO          327    .ARM.Collect$$libinit$$0000000C  c_w.l(libinit2.o)
    0x00000154   0x00000154   0x00000000   Code   RO          329    .ARM.Collect$$libinit$$0000000E  c_w.l(libinit2.o)
    0x00000154   0x00000154   0x00000006   Code   RO          330    .ARM.Collect$$libinit$$0000000F  c_w.l(libinit2.o)
    0x0000015a   0x0000015a   0x00000000   Code   RO          332    .ARM.Collect$$libinit$$00000011  c_w.l(libinit2.o)
    0x0000015a   0x0000015a   0x00000000   Code   RO          334    .ARM.Collect$$libinit$$00000013  c_w.l(libinit2.o)
    0x0000015a   0x0000015a   0x00000000   Code   RO          336    .ARM.Collect$$libinit$$00000015  c_w.l(libinit2.o)
    0x0000015a   0x0000015a   0x0000000a   Code   RO          337    .ARM.Collect$$libinit$$00000016  c_w.l(libinit2.o)
    0x00000164   0x00000164   0x00000000   Code   RO          338    .ARM.Collect$$libinit$$00000017  c_w.l(libinit2.o)
    0x00000164   0x00000164   0x00000000   Code   RO          340    .ARM.Collect$$libinit$$00000019  c_w.l(libinit2.o)
    0x00000164   0x00000164   0x00000000   Code   RO          342    .ARM.Collect$$libinit$$0000001B  c_w.l(libinit2.o)
    0x00000164   0x00000164   0x00000000   Code   RO          344    .ARM.Collect$$libinit$$0000001D  c_w.l(libinit2.o)
    0x00000164   0x00000164   0x00000000   Code   RO          346    .ARM.Collect$$libinit$$0000001F  c_w.l(libinit2.o)
    0x00000164   0x00000164   0x00000000   Code   RO          348    .ARM.Collect$$libinit$$00000021  c_w.l(libinit2.o)
    0x00000164   0x00000164   0x00000000   Code   RO          350    .ARM.Collect$$libinit$$00000023  c_w.l(libinit2.o)
    0x00000164   0x00000164   0x00000004   Code   RO          351    .ARM.Collect$$libinit$$00000024  c_w.l(libinit2.o)
    0x00000168   0x00000168   0x00000000   Code   RO          352    .ARM.Collect$$libinit$$00000025  c_w.l(libinit2.o)
    0x00000168   0x00000168   0x00000000   Code   RO          356    .ARM.Collect$$libinit$$0000002C  c_w.l(libinit2.o)
    0x00000168   0x00000168   0x00000000   Code   RO          358    .ARM.Collect$$libinit$$0000002E  c_w.l(libinit2.o)
    0x00000168   0x00000168   0x00000000   Code   RO          360    .ARM.Collect$$libinit$$00000030  c_w.l(libinit2.o)
    0x00000168   0x00000168   0x00000000   Code   RO          362    .ARM.Collect$$libinit$$00000032  c_w.l(libinit2.o)
    0x00000168   0x00000168   0x00000002   Code   RO          363    .ARM.Collect$$libinit$$00000033  c_w.l(libinit2.o)
    0x0000016a   0x0000016a   0x00000002   Code   RO          505    .ARM.Collect$$libshutdown$$00000000  c_w.l(libshutdown.o)
    0x0000016c   0x0000016c   0x00000000   Code   RO          365    .ARM.Collect$$libshutdown$$00000002  c_w.l(libshutdown2.o)
    0x0000016c   0x0000016c   0x00000000   Code   RO          367    .ARM.Collect$$libshutdown$$00000004  c_w.l(libshutdown2.o)
    0x0000016c   0x0000016c   0x00000004   Code   RO          368    .ARM.Collect$$libshutdown$$00000005  c_w.l(libshutdown2.o)
    0x00000170   0x00000170   0x00000000   Code   RO          369    .ARM.Collect$$libshutdown$$00000006  c_w.l(libshutdown2.o)
    0x00000170   0x00000170   0x00000000   Code   RO          372    .ARM.Collect$$libshutdown$$00000009  c_w.l(libshutdown2.o)
    0x00000170   0x00000170   0x00000000   Code   RO          375    .ARM.Collect$$libshutdown$$0000000C  c_w.l(libshutdown2.o)
    0x00000170   0x00000170   0x00000000   Code   RO          377    .ARM.Collect$$libshutdown$$0000000E  c_w.l(libshutdown2.o)
    0x00000170   0x00000170   0x00000000   Code   RO          380    .ARM.Collect$$libshutdown$$00000011  c_w.l(libshutdown2.o)
    0x00000170   0x00000170   0x00000002   Code   RO          381    .ARM.Collect$$libshutdown$$00000012  c_w.l(libshutdown2.o)
    0x00000172   0x00000172   0x00000000   Code   RO          136    .ARM.Collect$$rtentry$$00000000  c_w.l(__rtentry.o)
    0x00000172   0x00000172   0x00000000   Code   RO          156    .ARM.Collect$$rtentry$$00000002  c_w.l(__rtentry2.o)
    0x00000172   0x00000172   0x00000006   Code   RO          168    .ARM.Collect$$rtentry$$00000004  c_w.l(__rtentry4.o)
    0x00000178   0x00000178   0x00000000   Code   RO          158    .ARM.Collect$$rtentry$$00000009  c_w.l(__rtentry2.o)
    0x00000178   0x00000178   0x00000004   Code   RO          159    .ARM.Collect$$rtentry$$0000000A  c_w.l(__rtentry2.o)
    0x0000017c   0x0000017c   0x00000000   Code   RO          161    .ARM.Collect$$rtentry$$0000000C  c_w.l(__rtentry2.o)
    0x0000017c   0x0000017c   0x00000008   Code   RO          162    .ARM.Collect$$rtentry$$0000000D  c_w.l(__rtentry2.o)
    0x00000184   0x00000184   0x00000002   Code   RO          384    .ARM.Collect$$rtexit$$00000000  c_w.l(rtexit.o)
    0x00000186   0x00000186   0x00000000   Code   RO          440    .ARM.Collect$$rtexit$$00000002  c_w.l(rtexit2.o)
    0x00000186   0x00000186   0x00000004   Code   RO          441    .ARM.Collect$$rtexit$$00000003  c_w.l(rtexit2.o)
    0x0000018a   0x0000018a   0x00000006   Code   RO          442    .ARM.Collect$$rtexit$$00000004  c_w.l(rtexit2.o)
    0x00000190   0x00000190   0x00000000   Code   RO          446    .emb_text           c_w.l(maybetermalloc1.o)
    0x00000190   0x00000190   0x00000034   Code   RO            6  * .text               startup_lpc17xx.o
    0x000001c4   0x000001c4   0x000000a0   Code   RO           14    .text               main.o
    0x00000264   0x00000264   0x00000018   Code   RO           78    .text               c_w.l(noretval__2printf.o)
    0x0000027c   0x0000027c   0x00000080   Code   RO          104    .text               c_w.l(strcmpv7m.o)
    0x000002fc   0x000002fc   0x00000004   Code   RO            4    .ARM.__at_0x02FC    startup_lpc17xx.o
    0x00000300   0x00000300   0x0000022c   Code   RO           36    .text               retarget_io.o
    0x0000052c   0x0000052c   0x0000010e   Code   RO           90    .text               c_w.l(__printf_wp.o)
    0x0000063a   0x0000063a   0x00000006   Code   RO          106    .text               c_w.l(heapauxi.o)
    0x00000640   0x00000640   0x0000041e   Code   RO          137    .text               c_w.l(_printf_fp_dec.o)
    0x00000a5e   0x00000a5e   0x00000002   PAD
    0x00000a60   0x00000a60   0x00000024   Code   RO          139    .text               c_w.l(_printf_char_file.o)
    0x00000a84   0x00000a84   0x00000008   Code   RO          173    .text               c_w.l(rt_locale_intlibspace.o)
    0x00000a8c   0x00000a8c   0x0000008a   Code   RO          175    .text               c_w.l(lludiv10.o)
    0x00000b16   0x00000b16   0x00000002   PAD
    0x00000b18   0x00000b18   0x00000030   Code   RO          177    .text               c_w.l(_printf_char_common.o)
    0x00000b48   0x00000b48   0x00000080   Code   RO          179    .text               c_w.l(_printf_fp_infnan.o)
    0x00000bc8   0x00000bc8   0x000000e4   Code   RO          181    .text               c_w.l(bigflt0.o)
    0x00000cac   0x00000cac   0x00000008   Code   RO          206    .text               c_w.l(ferror.o)
    0x00000cb4   0x00000cb4   0x00000138   Code   RO          212    .text               c_w.l(initio.o)
    0x00000dec   0x00000dec   0x00000008   Code   RO          227    .text               c_w.l(libspace.o)
    0x00000df4   0x00000df4   0x0000004a   Code   RO          232    .text               c_w.l(sys_stackheap_outer.o)
    0x00000e3e   0x00000e3e   0x0000004e   Code   RO          236    .text               c_w.l(h1_free.o)
    0x00000e8c   0x00000e8c   0x000001d6   Code   RO          292    .text               c_w.l(flsbuf.o)
    0x00001062   0x00001062   0x00000046   Code   RO          294    .text               c_w.l(setvbuf.o)
    0x000010a8   0x000010a8   0x000000ec   Code   RO          297    .text               c_w.l(fopen.o)
    0x00001194   0x00001194   0x0000004c   Code   RO          299    .text               c_w.l(fclose.o)
    0x000011e0   0x000011e0   0x00000012   Code   RO          305    .text               c_w.l(exit.o)
    0x000011f2   0x000011f2   0x0000000e   Code   RO          307    .text               c_w.l(defsig_rtred_outer.o)
    0x00001200   0x00001200   0x0000004e   Code   RO          311    .text               c_w.l(rt_memclr_w.o)
    0x0000124e   0x0000124e   0x00000002   PAD
    0x00001250   0x00001250   0x00000008   Code   RO          391    .text               c_w.l(rt_heap_descriptor_intlibspace.o)
    0x00001258   0x00001258   0x00000004   Code   RO          393    .text               c_w.l(hguard.o)
    0x0000125c   0x0000125c   0x0000008a   Code   RO          395    .text               c_w.l(init_alloc.o)
    0x000012e6   0x000012e6   0x0000005e   Code   RO          401    .text               c_w.l(h1_alloc.o)
    0x00001344   0x00001344   0x000000f8   Code   RO          417    .text               c_w.l(fseek.o)
    0x0000143c   0x0000143c   0x000000f0   Code   RO          419    .text               c_w.l(stdio.o)
    0x0000152c   0x0000152c   0x0000000a   Code   RO          425    .text               c_w.l(defsig_exit.o)
    0x00001536   0x00001536   0x00000002   PAD
    0x00001538   0x00001538   0x00000034   Code   RO          427    .text               c_w.l(defsig_rtred_inner.o)
    0x0000156c   0x0000156c   0x0000000c   Code   RO          437    .text               c_w.l(sys_exit.o)
    0x00001578   0x00001578   0x0000000e   Code   RO          448    .text               c_w.l(h1_init.o)
    0x00001586   0x00001586   0x00000034   Code   RO          450    .text               c_w.l(h1_extend.o)
    0x000015ba   0x000015ba   0x00000042   Code   RO          460    .text               c_w.l(ftell.o)
    0x000015fc   0x000015fc   0x00000032   Code   RO          468    .text               c_w.l(defsig_general.o)
    0x0000162e   0x0000162e   0x0000000e   Code   RO          470    .text               c_w.l(defsig_rtmem_outer.o)
    0x0000163c   0x0000163c   0x00000002   Code   RO          487    .text               c_w.l(use_no_semi.o)
    0x0000163e   0x0000163e   0x00000000   Code   RO          489    .text               c_w.l(indicate_semi.o)
    0x0000163e   0x0000163e   0x00000002   PAD
    0x00001640   0x00001640   0x00000008   Code   RO          493    .text               c_w.l(rt_errno_addr_intlibspace.o)
    0x00001648   0x00001648   0x00000050   Code   RO          499    .text               c_w.l(defsig_rtmem_inner.o)
    0x00001698   0x00001698   0x0000003e   Code   RO          184    CL$$btod_d2e        c_w.l(btod.o)
    0x000016d6   0x000016d6   0x00000046   Code   RO          186    CL$$btod_d2e_denorm_low  c_w.l(btod.o)
    0x0000171c   0x0000171c   0x00000060   Code   RO          185    CL$$btod_d2e_norm_op1  c_w.l(btod.o)
    0x0000177c   0x0000177c   0x00000338   Code   RO          194    CL$$btod_div_common  c_w.l(btod.o)
    0x00001ab4   0x00001ab4   0x000000dc   Code   RO          191    CL$$btod_e2e        c_w.l(btod.o)
    0x00001b90   0x00001b90   0x0000002a   Code   RO          188    CL$$btod_ediv       c_w.l(btod.o)
    0x00001bba   0x00001bba   0x0000002a   Code   RO          187    CL$$btod_emul       c_w.l(btod.o)
    0x00001be4   0x00001be4   0x00000244   Code   RO          193    CL$$btod_mult_common  c_w.l(btod.o)
    0x00001e28   0x00001e28   0x00000028   Code   RO          225    i.__ARM_fpclassify  m_ws.l(fpclassify.o)
    0x00001e50   0x00001e50   0x0000000e   Code   RO           92    i._is_digit         c_w.l(__printf_wp.o)
    0x00001e5e   0x00001e5e   0x0000001a   Code   RO          209    i.fputc             c_w.l(fputc.o)
    0x00001e78   0x00001e78   0x0000002c   Code   RO          221    locale$$code        c_w.l(lc_numeric_c.o)
    0x00001ea4   0x00001ea4   0x00000034   Code   RO           32    mycode              asm_funct.o
    0x00001ed8   0x00001ed8   0x0000000c   Code   RO          148    x$fpl$dretinf       fz_ws.l(dretinf.o)
    0x00001ee4   0x00001ee4   0x00000056   Code   RO          110    x$fpl$f2d           fz_ws.l(f2d.o)
    0x00001f3a   0x00001f3a   0x00000002   PAD
    0x00001f3c   0x00001f3c   0x000000c4   Code   RO          112    x$fpl$fadd          fz_ws.l(faddsub_clz.o)
    0x00002000   0x00002000   0x00000184   Code   RO          119    x$fpl$fdiv          fz_ws.l(fdiv.o)
    0x00002184   0x00002184   0x00000036   Code   RO          122    x$fpl$ffix          fz_ws.l(ffix.o)
    0x000021ba   0x000021ba   0x00000002   PAD
    0x000021bc   0x000021bc   0x00000030   Code   RO          127    x$fpl$fflt          fz_ws.l(fflt_clz.o)
    0x000021ec   0x000021ec   0x00000102   Code   RO          132    x$fpl$fmul          fz_ws.l(fmul.o)
    0x000022ee   0x000022ee   0x0000008c   Code   RO          150    x$fpl$fnaninf       fz_ws.l(fnaninf.o)
    0x0000237a   0x0000237a   0x0000000a   Code   RO          152    x$fpl$fretinf       fz_ws.l(fretinf.o)
    0x00002384   0x00002384   0x000000ea   Code   RO          114    x$fpl$fsub          fz_ws.l(faddsub_clz.o)
    0x0000246e   0x0000246e   0x00000004   Code   RO          134    x$fpl$printf1       fz_ws.l(printf1.o)
    0x00002472   0x00002472   0x00000000   Code   RO          154    x$fpl$usenofp       fz_ws.l(usenofp.o)
    0x00002472   0x00002472   0x00000017   Data   RO           37    .constdata          retarget_io.o
    0x00002489   0x00002489   0x00000003   PAD
    0x0000248c   0x0000248c   0x00000094   Data   RO          182    .constdata          c_w.l(bigflt0.o)
    0x00002520   0x00002520   0x00000020   Data   RO          524    Region$$Table       anon$$obj.o
    0x00002540   0x00002540   0x0000001c   Data   RO          220    locale$$data        c_w.l(lc_numeric_c.o)
    0x0000255c   0x0000255c   0x000003ca   Data   RO            5    my_data             startup_lpc17xx.o


    Execution Region ER_RW (Exec base: 0x10000000, Load base: 0x00002928, Size: 0x00000010, Max: 0xffffffff, ABSOLUTE)

    Exec Addr    Load Addr    Size         Type   Attr      Idx    E Section Name        Object

    0x10000000   0x00002928   0x00000004   Data   RW           38    .data               retarget_io.o
    0x10000004   0x0000292c   0x00000004   Data   RW          145    .data               c_w.l(stdio_streams.o)
    0x10000008   0x00002930   0x00000004   Data   RW          146    .data               c_w.l(stdio_streams.o)
    0x1000000c   0x00002934   0x00000004   Data   RW          147    .data               c_w.l(stdio_streams.o)


    Execution Region ER_ZI (Exec base: 0x10000010, Load base: 0x00002938, Size: 0x00000360, Max: 0xffffffff, ABSOLUTE)

    Exec Addr    Load Addr    Size         Type   Attr      Idx    E Section Name        Object

    0x10000010        -       0x00000054   Zero   RW          142    .bss                c_w.l(stdio_streams.o)
    0x10000064        -       0x00000054   Zero   RW          143    .bss                c_w.l(stdio_streams.o)
    0x100000b8        -       0x00000054   Zero   RW          144    .bss                c_w.l(stdio_streams.o)
    0x1000010c        -       0x00000060   Zero   RW          228    .bss                c_w.l(libspace.o)
    0x1000016c   0x00002938   0x00000004   PAD
    0x10000170        -       0x00000000   Zero   RW            2    HEAP                startup_lpc17xx.o
    0x10000170        -       0x00000200   Zero   RW            1    STACK               startup_lpc17xx.o


==============================================================================

Image component sizes


      Code (inc. data)   RO Data    RW Data    ZI Data      Debug   Object Name

        52          0          0          0          0        508   asm_funct.o
       160         20          0          0          0       2183   main.o
       556         38         23          4          0       8269   retarget_io.o
        56         22       1174          0        512       1280   startup_lpc17xx.o

    ----------------------------------------------------------------------
       824         80       1234          4        512      12240   Object Totals
         0          0         32          0          0          0   (incl. Generated)
         0          0          5          0          0          0   (incl. Padding)

    ----------------------------------------------------------------------

      Code (inc. data)   RO Data    RW Data    ZI Data      Debug   Library Member Name

         8          0          0          0          0         68   __main.o
       284          0          0          0          0        156   __printf_wp.o
         0          0          0          0          0          0   __rtentry.o
        12          0          0          0          0          0   __rtentry2.o
         6          0          0          0          0          0   __rtentry4.o
        52          8          0          0          0          0   __scatter.o
        26          0          0          0          0          0   __scatter_copy.o
        28          0          0          0          0          0   __scatter_zi.o
        48          6          0          0          0         96   _printf_char_common.o
        36          4          0          0          0         80   _printf_char_file.o
         6          0          0          0          0          0   _printf_f.o
      1054          0          0          0          0        216   _printf_fp_dec.o
       128         16          0          0          0         84   _printf_fp_infnan.o
         0          0          0          0          0          0   _printf_percent.o
         4          0          0          0          0          0   _printf_percent_end.o
       228          4        148          0          0         96   bigflt0.o
      1936        128          0          0          0        672   btod.o
        10          0          0          0          0         68   defsig_exit.o
        50          0          0          0          0         88   defsig_general.o
        80         58          0          0          0         76   defsig_rtmem_inner.o
        14          0          0          0          0         80   defsig_rtmem_outer.o
        52         38          0          0          0         76   defsig_rtred_inner.o
        14          0          0          0          0         80   defsig_rtred_outer.o
        18          0          0          0          0         80   exit.o
        76          0          0          0          0         88   fclose.o
         8          0          0          0          0         68   ferror.o
       470          0          0          0          0         88   flsbuf.o
       236          4          0          0          0        128   fopen.o
        26          0          0          0          0         68   fputc.o
       248          6          0          0          0         84   fseek.o
        66          0          0          0          0         76   ftell.o
        94          0          0          0          0         80   h1_alloc.o
        52          0          0          0          0         68   h1_extend.o
        78          0          0          0          0         80   h1_free.o
        14          0          0          0          0         84   h1_init.o
         6          0          0          0          0        152   heapauxi.o
         4          0          0          0          0        136   hguard.o
         0          0          0          0          0          0   indicate_semi.o
       138          0          0          0          0        168   init_alloc.o
       312         46          0          0          0        112   initio.o
        44         10         28          0          0         76   lc_numeric_c.o
         2          0          0          0          0          0   libinit.o
        30          0          0          0          0          0   libinit2.o
         2          0          0          0          0          0   libshutdown.o
         6          0          0          0          0          0   libshutdown2.o
         8          4          0          0         96         68   libspace.o
       138          0          0          0          0         80   lludiv10.o
         0          0          0          0          0          0   maybetermalloc1.o
        24          4          0          0          0         84   noretval__2printf.o
         8          4          0          0          0         68   rt_errno_addr_intlibspace.o
         8          4          0          0          0         68   rt_heap_descriptor_intlibspace.o
         8          4          0          0          0         68   rt_locale_intlibspace.o
        78          0          0          0          0         80   rt_memclr_w.o
         2          0          0          0          0          0   rtexit.o
        10          0          0          0          0          0   rtexit2.o
        70          0          0          0          0         80   setvbuf.o
       240          6          0          0          0        156   stdio.o
         0          0          0         12        252          0   stdio_streams.o
       128          0          0          0          0         68   strcmpv7m.o
        12          4          0          0          0         68   sys_exit.o
        74          0          0          0          0         80   sys_stackheap_outer.o
         2          0          0          0          0         68   use_no_semi.o
        12          0          0          0          0         68   dretinf.o
        86          4          0          0          0         84   f2d.o
       430          8          0          0          0        168   faddsub_clz.o
       388         76          0          0          0         96   fdiv.o
        54          4          0          0          0         84   ffix.o
        48          0          0          0          0         68   fflt_clz.o
       258          4          0          0          0         84   fmul.o
       140          4          0          0          0         84   fnaninf.o
        10          0          0          0          0         68   fretinf.o
         4          0          0          0          0         68   printf1.o
         0          0          0          0          0          0   usenofp.o
        40          0          0          0          0         68   fpclassify.o

    ----------------------------------------------------------------------
      8302        458        176         12        352       5548   Library Totals
        16          0          0          0          4          0   (incl. Padding)

    ----------------------------------------------------------------------

      Code (inc. data)   RO Data    RW Data    ZI Data      Debug   Library Name

      6816        358        176         12        348       4608   c_w.l
      1430        100          0          0          0        872   fz_ws.l
        40          0          0          0          0         68   m_ws.l

    ----------------------------------------------------------------------
      8302        458        176         12        352       5548   Library Totals

    ----------------------------------------------------------------------

==============================================================================


      Code (inc. data)   RO Data    RW Data    ZI Data      Debug   

      9126        538       1410         16        864      14456   Grand Totals
      9126        538       1410         16        864      14456   ELF Image Totals
      9126        538       1410         16          0          0   ROM Totals

==============================================================================

    Total RO  Size (Code + RO Data)                10536 (  10.29kB)
    Total RW  Size (RW Data + ZI Data)               880 (   0.86kB)
    Total ROM Size (Code + RO Data + RW Data)      10552 (  10.30kB)

==============================================================================

