


ARM Macro Assembler    Page 1 


    1 00000000         
    2 00000000         
    3 00000000                 AREA             asm_functions, CODE, READONLY
    4 00000000                 EXPORT           ASM_funct
    5 00000000         ASM_funct
    6 00000000         ; save current SP for a faster access 
    7 00000000         ; to parameters in the stack
    8 00000000 46EC            MOV              r12, sp
    9 00000002         ; save volatile registers
   10 00000002 E92D 4DF0       STMFD            sp!,{r4-r8,r10-r11,lr}
   11 00000006         ; extract argument 4 and 5 into R4 and R5
   12 00000006 F8DC 4000       LDR              r4, [r12]
   13 0000000A F8DC 5004       LDR              r5, [r12,#4]
   14 0000000E         
   15 0000000E 4425            add              r5, r4, r5
   16 00000010         ; setup a value for R0 to return
   17 00000010         
   18 00000010 4628            MOV              r0, r5
   19 00000012         ; restore volatile registers
   20 00000012 E8BD 8DF0       LDMFD            sp!,{r4-r8,r10-r11,pc}
   21 00000016         
   22 00000016         
   23 00000016         
   24 00000016         
   25 00000016         
   26 00000016         check_square
                               PROC
   27 00000016                 EXPORT           check_square
   28 00000016         
   29 00000016 E92D 4DF0       PUSH             {R4-R8, R10-R11, LR} ; Salvo i 
                                                            valori dei registri
                                                             in cui possono ess
                                                            ere salvate variaib
                                                            li e il valore dell
                                                            o stack pointer
   30 0000001A         
   31 0000001A FB00 F000       MUL              R0, R0, R0  ; R0 = x^2
   32 0000001E FB01 F101       MUL              R1, R1, R1  ; R1 = y^2
   33 00000022 FB02 F202       MUL              R2, R2, R2  ; R2 = r^2
   34 00000026 4408            ADD              R0, R0, R1  ; R0 = x^2 + y^2
   35 00000028 4290            CMP              R0, R2
   36 0000002A BFB8 2001       MOVLT            R0, #1
   37 0000002E BFC8 2000       MOVGT            R0, #0
   38 00000032 BF08 2001       MOVEQ            R0, #1
   39 00000036         
   40 00000036 E8BD 8DF0       POP              {R4-R8, R10-R11, PC}
   41 0000003A         
   42 0000003A                 ENDP
   43 0000003A         
   44 0000003A         
   45 0000003A         my_division
                               PROC
   46 0000003A                 IMPORT           __aeabi_fdiv
   47 0000003A                 EXPORT           my_division
   48 0000003A         ; your assembly here
   49 0000003A F7FF FFFE       bl               __aeabi_fdiv
   50 0000003E         ; your assembly here
   51 0000003E                 ENDP
   52 0000003E         



ARM Macro Assembler    Page 2 


   53 0000003E         
   54 0000003E                 END
Command Line: --debug --xref --diag_suppress=9931 --cpu=Cortex-M3 --apcs=interw
ork --depend=.\asm_funct.d -o.\asm_funct.o -I.\RTE\_Target_1 -IC:\Users\Filma\A
ppData\Local\Arm\Packs\ARM\CMSIS\5.8.0\CMSIS\Core\Include -IC:\Users\Filma\AppD
ata\Local\Arm\Packs\Keil\LPC1700_DFP\2.7.1\Device\Include --predefine="__EVAL S
ETA 1" --predefine="__UVISION_VERSION SETA 536" --predefine="_RTE_ SETA 1" --pr
edefine="LPC175x_6x SETA 1" --predefine="_RTE_ SETA 1" --list=.\asm_funct.lst A
SM_funct.s



ARM Macro Assembler    Page 1 Alphabetic symbol ordering
Relocatable symbols

ASM_funct 00000000

Symbol: ASM_funct
   Definitions
      At line 5 in file ASM_funct.s
   Uses
      At line 4 in file ASM_funct.s
Comment: ASM_funct used once
asm_functions 00000000

Symbol: asm_functions
   Definitions
      At line 3 in file ASM_funct.s
   Uses
      None
Comment: asm_functions unused
check_square 00000016

Symbol: check_square
   Definitions
      At line 26 in file ASM_funct.s
   Uses
      At line 27 in file ASM_funct.s
Comment: check_square used once
my_division 0000003A

Symbol: my_division
   Definitions
      At line 45 in file ASM_funct.s
   Uses
      At line 47 in file ASM_funct.s
Comment: my_division used once
4 symbols



ARM Macro Assembler    Page 1 Alphabetic symbol ordering
External symbols

__aeabi_fdiv 00000000

Symbol: __aeabi_fdiv
   Definitions
      At line 46 in file ASM_funct.s
   Uses
      At line 49 in file ASM_funct.s
Comment: __aeabi_fdiv used once
1 symbol
339 symbols in table
