


ARM Macro Assembler    Page 1 


    1 00000000         
    2 00000000         
    3 00000000         
    4 00000000                 AREA             mycode, CODE, READONLY
    5 00000000         
    6 00000000         check_square
                               PROC
    7 00000000                 EXPORT           check_square
    8 00000000         
    9 00000000 E92D 4DF0       PUSH             {R4-R8, R10-R11, LR} ; Salvo i 
                                                            valori dei registri
                                                             in cui possono ess
                                                            ere salvate variaib
                                                            li e il valore dell
                                                            o stack pointer
   10 00000004         
   11 00000004 FB00 F000       MUL              R0, R0, R0  ; R0 = x^2
   12 00000008 FB01 F101       MUL              R1, R1, R1  ; R1 = y^2
   13 0000000C FB02 F202       MUL              R2, R2, R2  ; R2 = r^2
   14 00000010 4408            ADD              R0, R0, R1  ; R0 = x^2 + y^2
   15 00000012 4290            CMP              R0, R2
   16 00000014 BFB8 2001       MOVLT            R0, #1
   17 00000018 BFC8 2000       MOVGT            R0, #0
   18 0000001C BF08 2001       MOVEQ            R0, #1
   19 00000020         
   20 00000020 E8BD 8DF0       POP              {R4-R8, R10-R11, PC}
   21 00000024         
   22 00000024                 ENDP
   23 00000024         
   24 00000024         
   25 00000024         my_division
                               PROC
   26 00000024                 IMPORT           __aeabi_fdiv
   27 00000024                 EXPORT           my_division
   28 00000024 E92D 4DF0       PUSH             {R4-R8, R10-R11, LR} ; salviamo
                                                             parametri
   29 00000028         
   30 00000028 6800            LDR              R0, [R0]
   31 0000002A 6809            LDR              R1, [R1]    ; carichiamo i valo
                                                            ri puntati dagli in
                                                            dirizzi negli argom
                                                            enti
   32 0000002C         
   33 0000002C F7FF FFFE       bl               __aeabi_fdiv ; salto a funzione
                                                             che deve effettuar
                                                            e divisione tra due
                                                             registri 
   34 00000030         
   35 00000030 E8BD 8DF0       POP              {R4-R8, R10-R11, PC}
   36 00000034         
   37 00000034                 ENDP
   38 00000034                 END
Command Line: --debug --xref --diag_suppress=9931 --cpu=Cortex-M3 --apcs=interw
ork --depend=.\asm_funct.d -o.\asm_funct.o -I.\RTE\_Target_1 -I"C:\Users\Filipp
o Martino\AppData\Local\Arm\Packs\ARM\CMSIS\5.8.0\CMSIS\Core\Include" -I"C:\Use
rs\Filippo Martino\AppData\Local\Arm\Packs\Keil\LPC1700_DFP\2.7.1\Device\Includ
e" --predefine="__EVAL SETA 1" --predefine="__UVISION_VERSION SETA 536" --prede
fine="_RTE_ SETA 1" --predefine="LPC175x_6x SETA 1" --predefine="_RTE_ SETA 1" 
--list=.\asm_funct.lst ASM_funct.s



ARM Macro Assembler    Page 1 Alphabetic symbol ordering
Relocatable symbols

check_square 00000000

Symbol: check_square
   Definitions
      At line 6 in file ASM_funct.s
   Uses
      At line 7 in file ASM_funct.s
Comment: check_square used once
my_division 00000024

Symbol: my_division
   Definitions
      At line 25 in file ASM_funct.s
   Uses
      At line 27 in file ASM_funct.s
Comment: my_division used once
mycode 00000000

Symbol: mycode
   Definitions
      At line 4 in file ASM_funct.s
   Uses
      None
Comment: mycode unused
3 symbols



ARM Macro Assembler    Page 1 Alphabetic symbol ordering
External symbols

__aeabi_fdiv 00000000

Symbol: __aeabi_fdiv
   Definitions
      At line 26 in file ASM_funct.s
   Uses
      At line 33 in file ASM_funct.s
Comment: __aeabi_fdiv used once
1 symbol
338 symbols in table
